ARM Linker, 5.03 [Build 76] [MDK-ARM Standard]

==============================================================================

Section Cross References

    main.o(.text) refers to timing_manage.o(.text) for Initialize_Timer
    main.o(.text) refers to serial_link.o(.text) for Initialize_SerialLink
    main.o(.text) refers to voltage_fb.o(.text) for Initialize_Volt_FB
    main.o(.text) refers to dev_digital.o(.text) for Initialize_DIGITAL
    main.o(.text) refers to dev_lcd.o(.text) for Initialize_LCD
    main.o(.text) refers to motor.o(.text) for Initialize_Motor
    main.o(.text) refers to encoder.o(.text) for Initialize_Encoder
    main.o(.text) refers to servo.o(.text) for Initialize_Servo
    main.o(.text) refers to sona.o(.text) for Initialize_SONA
    main.o(.text) refers to dev_usart.o(.text) for Initialize_USART_2
    main.o(.text) refers to imu.o(.text) for Initialize_IMU
    main.o(.text) refers to eeprom.o(.text) for Initialize_EEPROM
    main.o(.text) refers to printfa.o(i.__0printf) for __2printf
    main.o(.text) refers to main.o(.data) for IMUst
    user_interface.o(.text) refers to dev_lcd.o(.text) for LCD_Clear
    user_interface.o(.text) refers to printfa.o(i.__0printf) for __2printf
    user_interface.o(.text) refers to servo.o(.text) for ServoX_Update
    user_interface.o(.text) refers to f2d.o(.text) for __aeabi_f2d
    user_interface.o(.text) refers to dev_digital.o(.text) for Get_Button_State
    user_interface.o(.text) refers to fadd.o(.text) for __aeabi_fadd
    user_interface.o(.text) refers to cfrcmple.o(.text) for __aeabi_cfrcmple
    user_interface.o(.text) refers to cfcmple.o(.text) for __aeabi_cfcmple
    user_interface.o(.text) refers to encoder.o(.text) for Left_Speed
    user_interface.o(.text) refers to motor.o(.text) for L_Motor_Update
    user_interface.o(.text) refers to dev_usart.o(.text) for USART_Set
    user_interface.o(.text) refers to timing_manage.o(.text) for Get_msTick
    user_interface.o(.text) refers to dev_digital.o(.bss) for Button_A
    user_interface.o(.text) refers to dev_usart.o(.bss) for USART_3
    user_interface.o(.text) refers to user_interface.o(.data) for serial
    user_interface.o(.text) refers to mpu6050.o(.text) for MPU6050_Get_rawDATA
    user_interface.o(.text) refers to hmc5883l.o(.text) for HMC5883L_Get_RawCompact
    user_interface.o(.text) refers to eeprom.o(.text) for EEPROM_WritePage
    user_interface.o(.text) refers to ffixi.o(.text) for __aeabi_f2iz
    user_interface.o(.text) refers to sona.o(.text) for Sona_TurnOn
    user_interface.o(.text) refers to voltage_fb.o(.text) for Cell_Detect
    user_interface.o(.text) refers to user_interface.o(.bss) for TX_EPP
    user_interface.o(.text) refers to sona.o(.bss) for Sona_A
    user_interface.o(.text) refers to timing_manage.o(.bss) for LCD_Clock
    voltage_fb.o(.text) refers to ffltui.o(.text) for __aeabi_ui2f
    voltage_fb.o(.text) refers to fmul.o(.text) for __aeabi_fmul
    voltage_fb.o(.text) refers to fadd.o(.text) for __aeabi_fadd
    voltage_fb.o(.text) refers to cfcmple.o(.text) for __aeabi_cfcmpeq
    voltage_fb.o(.text) refers to cfrcmple.o(.text) for __aeabi_cfrcmple
    voltage_fb.o(.text) refers to stm32f4xx_rcc.o(.text) for RCC_AHB1PeriphClockCmd
    voltage_fb.o(.text) refers to stm32f4xx_adc.o(.text) for ADC_DeInit
    voltage_fb.o(.text) refers to stm32f4xx_dma.o(.text) for DMA_DeInit
    voltage_fb.o(.text) refers to stm32f4xx_gpio.o(.text) for GPIO_Init
    voltage_fb.o(.text) refers to timing_manage.o(.text) for Delay_ms
    voltage_fb.o(.text) refers to f2d.o(.text) for __aeabi_f2d
    voltage_fb.o(.text) refers to dmul.o(.text) for __aeabi_dmul
    voltage_fb.o(.text) refers to cdcmple.o(.text) for __aeabi_cdcmple
    voltage_fb.o(.text) refers to voltage_fb.o(.bss) for ADC_Volt
    voltage_fb.o(.text) refers to voltage_fb.o(.data) for CELL
    hmc5883l.o(.text) refers to dev_i2c.o(.text) for I2C_Request
    hmc5883l.o(.text) refers to dev_i2c.o(.bss) for IMU
    hmc5883l.o(.text) refers to hmc5883l.o(.bss) for HMC5883L_RegDebug
    hmc5883l.o(.text) refers to serial_link.o(.bss) for DATA_OUT
    imu.o(.text) refers to fflti.o(.text) for __aeabi_i2f
    imu.o(.text) refers to f2d.o(.text) for __aeabi_f2d
    imu.o(.text) refers to pow.o(i.pow) for pow
    imu.o(.text) refers to dadd.o(.text) for __aeabi_dadd
    imu.o(.text) refers to sqrt.o(i.sqrt) for sqrt
    imu.o(.text) refers to ddiv.o(.text) for __aeabi_ddiv
    imu.o(.text) refers to atan.o(i.atan) for atan
    imu.o(.text) refers to dmul.o(.text) for __aeabi_dmul
    imu.o(.text) refers to d2f.o(.text) for __aeabi_d2f
    imu.o(.text) refers to mpu6050.o(.text) for MPU6050_ConnectionCheck
    imu.o(.text) refers to hmc5883l.o(.text) for HMC5883L_ConnectionCheck
    imu.o(.text) refers to stm32f4xx_rcc.o(.text) for RCC_AHB1PeriphClockCmd
    imu.o(.text) refers to stm32f4xx_gpio.o(.text) for GPIO_Init
    imu.o(.text) refers to dev_i2c.o(.text) for Initialize_I2C
[...]
    .text                                    0x080069b8   Section        0  d2f.o(.text)
    .text                                    0x080069f0   Section       20  cfcmple.o(.text)
    .text                                    0x08006a04   Section       20  cfrcmple.o(.text)
    .text                                    0x08006a18   Section        0  uidiv.o(.text)
    .text                                    0x08006a44   Section        0  uldiv.o(.text)
    .text                                    0x08006aa6   Section        0  llshl.o(.text)
    .text                                    0x08006ac4   Section        0  llsshr.o(.text)
    .text                                    0x08006ae8   Section        0  fepilogue.o(.text)
    .text                                    0x08006ae8   Section        0  iusefp.o(.text)
    .text                                    0x08006b54   Section        0  fsqrt.o(.text)
    .text                                    0x08006bb2   Section        0  depilogue.o(.text)
    .text                                    0x08006c70   Section        0  dscalb.o(.text)
    .text                                    0x08006c9e   Section        0  dsqrt.o(.text)
    .text                                    0x08006d40   Section        0  dflti.o(.text)
    .text                                    0x08006d62   Section        0  dfixul.o(.text)
    .text                                    0x08006d94   Section       40  cdrcmple.o(.text)
    .text                                    0x08006dbc   Section       36  init.o(.text)
    .text                                    0x08006de0   Section        0  llushr.o(.text)
    .text                                    0x08006e00   Section        0  __dczerorl2.o(.text)
    i.__0printf                              0x08006e5c   Section        0  printfa.o(i.__0printf)
    i.__ARM_fpclassify                       0x08006e7c   Section        0  fpclassify.o(i.__ARM_fpclassify)
    i.__kernel_poly                          0x08006ea4   Section        0  poly.o(i.__kernel_poly)
    i.__mathlib_dbl_underflow                0x08006f50   Section        0  dunder.o(i.__mathlib_dbl_underflow)
    i.__scatterload_copy                     0x08006f60   Section       14  handlers.o(i.__scatterload_copy)
    i.__scatterload_null                     0x08006f6e   Section        2  handlers.o(i.__scatterload_null)
    i.__scatterload_zeroinit                 0x08006f70   Section       14  handlers.o(i.__scatterload_zeroinit)
    i.__set_errno                            0x08006f80   Section        0  errno.o(i.__set_errno)
    i._fp_digits                             0x08006f8c   Section        0  printfa.o(i._fp_digits)
    _fp_digits                               0x08006f8d   Thumb Code   326  printfa.o(i._fp_digits)
    i._printf_core                           0x080070e8   Section        0  printfa.o(i._printf_core)
    _printf_core                             0x080070e9   Thumb Code  1762  printfa.o(i._printf_core)
    i._printf_post_padding                   0x080077d8   Section        0  printfa.o(i._printf_post_padding)
    _printf_post_padding                     0x080077d9   Thumb Code    38  printfa.o(i._printf_post_padding)
    i._printf_pre_padding                    0x080077fe   Section        0  printfa.o(i._printf_pre_padding)
    _printf_pre_padding                      0x080077ff   Thumb Code    48  printfa.o(i._printf_pre_padding)
    i.atan                                   0x08007830   Section        0  atan.o(i.atan)
    i.atan2                                  0x08007a54   Section        0  atan2.o(i.atan2)
    i.pow                                    0x08007bd4   Section        0  pow.o(i.pow)
    i.sqrt                                   0x080085b4   Section        0  sqrt.o(i.sqrt)
    i.sqrtf                                  0x08008600   Section        0  sqrtf.o(i.sqrtf)
    .constdata                               0x08008630   Section      152  atan.o(.constdata)
    atanhi                                   0x08008630   Data          32  atan.o(.constdata)
    atanlo                                   0x08008650   Data          32  atan.o(.constdata)
    aTodd                                    0x08008670   Data          40  atan.o(.constdata)
    aTeven                                   0x08008698   Data          48  atan.o(.constdata)
    .constdata                               0x080086c8   Section      136  pow.o(.constdata)
    bp                                       0x080086c8   Data          16  pow.o(.constdata)
    dp_h                                     0x080086d8   Data          16  pow.o(.constdata)
    dp_l                                     0x080086e8   Data          16  pow.o(.constdata)
    L                                        0x080086f8   Data          48  pow.o(.constdata)
    P                                        0x08008728   Data          40  pow.o(.constdata)
    .constdata                               0x08008750   Section        8  qnan.o(.constdata)
    .data                                    0x20000000   Section        3  main.o(.data)
    .data                                    0x20000004   Section        4  voltage_fb.o(.data)
    .data                                    0x20000008   Section        2  mpu6050.o(.data)
    .data                                    0x20000010   Section        8  sona.o(.data)
    .data                                    0x20000018   Section       32  encoder.o(.data)
    .data                                    0x20000038   Section       16  systick.o(.data)
    .data                                    0x20000048   Section        8  timing_manage.o(.data)
    .data                                    0x20000050   Section       69  dev_digital.o(.data)
    .data                                    0x20000098   Section        4  dev_i2c.o(.data)
    .data                                    0x2000009c   Section        3  dev_usart.o(.data)
    .data                                    0x200000a0   Section       18  dev_timer.o(.data)
    .data                                    0x200000b2   Section       16  stm32f4xx_rcc.o(.data)
    APBAHBPrescTable                         0x200000b2   Data          16  stm32f4xx_rcc.o(.data)
    .data                                    0x200000c4   Section       20  system_stm32f4xx.o(.data)
    .data                                    0x200000d8   Section       92  serial_link.o(.data)
    .data                                    0x20000134   Section        4  stdout.o(.data)
    .data                                    0x20000138   Section        4  errno.o(.data)
    _errno                                   0x20000138   Data           4  errno.o(.data)
    .bss                                     0x2000013c   Section       20  voltage_fb.o(.bss)
    .bss                                     0x20000150   Section       13  hmc5883l.o(.bss)
    .bss                                     0x20000160   Section       12  imu.o(.bss)
    .bss                                     0x2000016c   Section      117  mpu6050.o(.bss)
    .bss                                     0x200001e4   Section       24  sona.o(.bss)
    .bss                                     0x200001fc   Section       10  timing_manage.o(.bss)
    .bss                                     0x20000208   Section      120  dev_digital.o(.bss)
    .bss                                     0x20000280   Section      380  dev_i2c.o(.bss)
    .bss                                     0x200003fc   Section      204  dev_usart.o(.bss)
    .bss                                     0x200004c8   Section       36  serial_link.o(.bss)
    STACK                                    0x200004f0   Section     1024  startup_stm32f4xx.o(STACK)

    Global Symbols

    Symbol Name                              Value     Ov Type        Size  Object(Section)

    BuildAttributes$$THM_ISAv4$E$P$D$K$B$S$7EM$PE$A:L22UL41UL21$X:L11$S22US41US21$IEEE1$IW$USESV6$~STKCKD$USESV7$~SHL$OTIME$ROPI$IEEEX$EBA8$MICROLIB$REQ8$PRES8$EABIv2 0x00000000   Number         0  anon$$obj.o ABSOLUTE
    __ARM_use_no_argv                        0x00000000   Number         0  main.o ABSOLUTE
    _printf_a                                0x00000000   Number         0  stubs.o ABSOLUTE
    _printf_c                                0x00000000   Number         0  stubs.o ABSOLUTE
    _printf_charcount                        0x00000000   Number         0  stubs.o ABSOLUTE
    _printf_d                                0x00000000   Number         0  stubs.o ABSOLUTE
    _printf_e                                0x00000000   Number         0  stubs.o ABSOLUTE
    _printf_f                                0x00000000   Number         0  stubs.o ABSOLUTE
    _printf_flags                            0x00000000   Number         0  stubs.o ABSOLUTE
    _printf_fp_dec                           0x00000000   Number         0  stubs.o ABSOLUTE
    _printf_fp_hex                           0x00000000   Number         0  stubs.o ABSOLUTE
    _printf_g                                0x00000000   Number         0  stubs.o ABSOLUTE
    _printf_i                                0x00000000   Number         0  stubs.o ABSOLUTE
    _printf_int_dec                          0x00000000   Number         0  stubs.o ABSOLUTE
    _printf_l                                0x00000000   Number         0  stubs.o ABSOLUTE
    _printf_lc                               0x00000000   Number         0  stubs.o ABSOLUTE
    _printf_ll                               0x00000000   Number         0  stubs.o ABSOLUTE
    _printf_lld                              0x00000000   Number         0  stubs.o ABSOLUTE
    _printf_lli                              0x00000000   Number         0  stubs.o ABSOLUTE
    _printf_llo                              0x00000000   Number         0  stubs.o ABSOLUTE
    _printf_llu                              0x00000000   Number         0  stubs.o ABSOLUTE
    _printf_llx                              0x00000000   Number         0  stubs.o ABSOLUTE
    _printf_longlong_dec                     0x00000000   Number         0  stubs.o ABSOLUTE
    _printf_longlong_hex                     0x00000000   Number         0  stubs.o ABSOLUTE
    _printf_longlong_oct                     0x00000000   Number         0  stubs.o ABSOLUTE
    _printf_ls                               0x00000000   Number         0  stubs.o ABSOLUTE
    _printf_mbtowc                           0x00000000   Number         0  stubs.o ABSOLUTE
    _printf_n                                0x00000000   Number         0  stubs.o ABSOLUTE
    _printf_o                                0x00000000   Number         0  stubs.o ABSOLUTE
    _printf_p                                0x00000000   Number         0  stubs.o ABSOLUTE
    _printf_percent                          0x00000000   Number         0  stubs.o ABSOLUTE
    _printf_pre_padding                      0x00000000   Number         0  stubs.o ABSOLUTE
    _printf_return_value                     0x00000000   Number         0  stubs.o ABSOLUTE
    _printf_s                                0x00000000   Number         0  stubs.o ABSOLUTE
    _printf_sizespec                         0x00000000   Number         0  stubs.o ABSOLUTE
    _printf_str                              0x00000000   Number         0  stubs.o ABSOLUTE
    _printf_truncate_signed                  0x00000000   Number         0  stubs.o ABSOLUTE
    _printf_truncate_unsigned                0x00000000   Number         0  stubs.o ABSOLUTE
    _printf_u                                0x00000000   Number         0  stubs.o ABSOLUTE
    _printf_wc                               0x00000000   Number         0  stubs.o ABSOLUTE
    _printf_wctomb                           0x00000000   Number         0  stubs.o ABSOLUTE
    _printf_widthprec                        0x00000000   Number         0  stubs.o ABSOLUTE
    _printf_x                                0x00000000   Number         0  stubs.o ABSOLUTE
    __cpp_initialize__aeabi_                  - Undefined Weak Reference
    __cxa_finalize                            - Undefined Weak Reference
    _clock_init                               - Undefined Weak Reference
    _microlib_exit                            - Undefined Weak Reference
    __Vectors_Size                           0x00000188   Number         0  startup_stm32f4xx.o ABSOLUTE
    __Vectors                                0x08000000   Data           4  startup_stm32f4xx.o(RESET)
    __Vectors_End                            0x08000188   Data           0  startup_stm32f4xx.o(RESET)
    __main                                   0x08000189   Thumb Code     0  entry.o(.ARM.Collect$$$$00000000)
    _main_stk                                0x08000189   Thumb Code     0  entry2.o(.ARM.Collect$$$$00000001)
    _main_scatterload                        0x0800018d   Thumb Code     0  entry5.o(.ARM.Collect$$$$00000004)
    __main_after_scatterload                 0x08000191   Thumb Code     0  entry5.o(.ARM.Collect$$$$00000004)
    _main_clock                              0x08000191   Thumb Code     0  entry7b.o(.ARM.Collect$$$$00000008)
    _main_cpp_init                           0x08000191   Thumb Code     0  entry8b.o(.ARM.Collect$$$$0000000A)
    _main_init                               0x08000191   Thumb Code     0  entry9a.o(.ARM.Collect$$$$0000000B)
    __rt_final_cpp                           0x08000199   Thumb Code     0  entry10a.o(.ARM.Collect$$$$0000000D)
    __rt_final_exit                          0x08000199   Thumb Code     0  entry11a.o(.ARM.Collect$$$$0000000F)
    main                                     0x0800019d   Thumb Code   142  main.o(.text)
    Get_Voltage                              0x08000275   Thumb Code    84  voltage_fb.o(.text)
    Cell_Detect                              0x080002c9   Thumb Code   194  voltage_fb.o(.text)
    Initialize_Volt_FB                       0x0800038b   Thumb Code   250  voltage_fb.o(.text)
    Battery_Check                            0x08000485   Thumb Code    74  voltage_fb.o(.text)
    HMC5883L_Configuration_A                 0x0800055f   Thumb Code   204  hmc5883l.o(.text)
    HMC5883L_Configuration_B                 0x0800062b   Thumb Code   128  hmc5883l.o(.text)
    HMC5883L_Configuration_MODE              0x080006ab   Thumb Code   164  hmc5883l.o(.text)
    HMC5883L_Set_OutputRate                  0x0800074f   Thumb Code    18  hmc5883l.o(.text)
    HMC5883L_Set_SAMPLEAVERAGE               0x08000761   Thumb Code    18  hmc5883l.o(.text)
    HMC5883L_Set_BIAS                        0x08000773   Thumb Code    18  hmc5883l.o(.text)
    HMC5883L_Set_Gain                        0x08000785   Thumb Code    12  hmc5883l.o(.text)
    HMC5883L_Set_Mode                        0x08000791   Thumb Code    16  hmc5883l.o(.text)
    HMC5883L_Set_HighSpeed                   0x080007a1   Thumb Code    16  hmc5883l.o(.text)
    HMC5883L_GetDeviceID                     0x080007b1   Thumb Code    26  hmc5883l.o(.text)
    HMC5883L_ConnectionCheck                 0x080007cb   Thumb Code    48  hmc5883l.o(.text)
    HMC5883L_Get_RawCompact                  0x080007fb   Thumb Code    86  hmc5883l.o(.text)
    IMU_Get_Accel_Angles                     0x08000871   Thumb Code   298  imu.o(.text)
    Initialize_MPU6050                       0x0800099b   Thumb Code    88  imu.o(.text)
    Initialize_HMC5883L                      0x080009f3   Thumb Code    68  imu.o(.text)
    Initialize_IMU                           0x08000a37   Thumb Code   170  imu.o(.text)
    ACC_ToAngle                              0x08000ae1   Thumb Code   308  imu.o(.text)
    IMU_Process                              0x08000c15   Thumb Code   160  imu.o(.text)
    MPU6050_GetDeviceID                      0x08000d17   Thumb Code    26  mpu6050.o(.text)
    MPU6050_ConnectionCheck                  0x08000d31   Thumb Code    28  mpu6050.o(.text)
    MPU6050_Set_SMPLRT_DIV                   0x08000d4d   Thumb Code    66  mpu6050.o(.text)
    MPU6050_Set_Configuration                0x08000d8f   Thumb Code   126  mpu6050.o(.text)
    MPU6050_Set_GYRO_Config                  0x08000e0d   Thumb Code   128  mpu6050.o(.text)
    MPU6050_Set_ACCEL_Config                 0x08000e8d   Thumb Code   128  mpu6050.o(.text)
    MPU6050_Set_PWR_MGMT_1                   0x08000f0d   Thumb Code   226  mpu6050.o(.text)
    MPU6050_Get_rawDATA                      0x08000fef   Thumb Code   242  mpu6050.o(.text)
    MPU6050_Get_rawMotion                    0x080010e1   Thumb Code   208  mpu6050.o(.text)
    SONA_Get_tick                            0x080011c1   Thumb Code    24  sona.o(.text)
    Setup_SONA_IO                            0x080011fb   Thumb Code   220  sona.o(.text)
    Setup_SONA_TIMER                         0x080012d7   Thumb Code    44  sona.o(.text)
    Initialize_SONA                          0x08001303   Thumb Code    12  sona.o(.text)
    SONA_TIMING_Channel_1                    0x0800130f   Thumb Code    20  sona.o(.text)
    SONA_TIMING_Channel_2                    0x08001323   Thumb Code    54  sona.o(.text)
    EXTI9_5_IRQHandler                       0x08001359   Thumb Code   102  sona.o(.text)
    EXTI15_10_IRQHandler                     0x080013bf   Thumb Code   102  sona.o(.text)
    Sona_TurnOff                             0x08001425   Thumb Code    42  sona.o(.text)
    Sona_TurnOn                              0x0800144f   Thumb Code    52  sona.o(.text)
    EEPROM_Write                             0x080014a5   Thumb Code    80  eeprom.o(.text)
    EEPROM_Read                              0x080014f5   Thumb Code    80  eeprom.o(.text)
    Initialize_EEPROM                        0x08001545   Thumb Code   146  eeprom.o(.text)
    EEPROM_WaitStandby                       0x080015d7   Thumb Code   174  eeprom.o(.text)
    EEPROM_ReadPage                          0x08001685   Thumb Code    24  eeprom.o(.text)
    EEPROM_WritePage                         0x0800169d   Thumb Code    24  eeprom.o(.text)
    Encoders_Read                            0x080016d9   Thumb Code    96  encoder.o(.text)
    Encoders_Reset                           0x08001739   Thumb Code    46  encoder.o(.text)
    Initialize_Encoder                       0x08001767   Thumb Code   192  encoder.o(.text)
    Left_Speed                               0x08001827   Thumb Code    32  encoder.o(.text)
    Right_Speed                              0x08001847   Thumb Code    32  encoder.o(.text)
    Initialize_Motor                         0x080018a1   Thumb Code   116  motor.o(.text)
    L_Motor_Update                           0x08001915   Thumb Code    46  motor.o(.text)
    R_Motor_Update                           0x08001943   Thumb Code    46  motor.o(.text)
    Initialize_Servo                         0x08001979   Thumb Code   104  servo.o(.text)
    ServoX_Update                            0x080019e1   Thumb Code    14  servo.o(.text)
    ServoY_Update                            0x080019ef   Thumb Code    14  servo.o(.text)
    Initialize_SystemTick                    0x08001a05   Thumb Code    72  systick.o(.text)
    SysTick_Handler                          0x08001a4d   Thumb Code    36  systick.o(.text)
    delay_ms                                 0x08001a71   Thumb Code    30  systick.o(.text)
    Initialize_Timer                         0x08001aa1   Thumb Code    60  timing_manage.o(.text)
    Increase_RTC                             0x08001add   Thumb Code   100  timing_manage.o(.text)
    Get_msTick                               0x08001b41   Thumb Code     8  timing_manage.o(.text)
    Check_msTick                             0x08001b49   Thumb Code    62  timing_manage.o(.text)
    Delay_ms                                 0x08001b87   Thumb Code    32  timing_manage.o(.text)
    Timing_Channel_1                         0x08001ba7   Thumb Code     8  timing_manage.o(.text)
    Timing_Channel_2                         0x08001baf   Thumb Code    18  timing_manage.o(.text)
    Timing_Channel_3                         0x08001bc1   Thumb Code    30  timing_manage.o(.text)
    Setup_BUTTON                             0x08001bf1   Thumb Code   308  dev_digital.o(.text)
    RGB_Update                               0x08001d25   Thumb Code   160  dev_digital.o(.text)
    RGB_SetLoop                              0x08001dc5   Thumb Code    74  dev_digital.o(.text)
    RGB_Setup                                0x08001e0f   Thumb Code   114  dev_digital.o(.text)
    Initialize_DIGITAL                       0x08001e81   Thumb Code    12  dev_digital.o(.text)
    RGB_Process                              0x08001e8d   Thumb Code   486  dev_digital.o(.text)
    EXTI4_IRQHandler                         0x08002073   Thumb Code   106  dev_digital.o(.text)
    EXTI2_IRQHandler                         0x080020dd   Thumb Code   106  dev_digital.o(.text)
    EXTI0_IRQHandler                         0x08002147   Thumb Code   106  dev_digital.o(.text)
    EXTI3_IRQHandler                         0x080021b1   Thumb Code   106  dev_digital.o(.text)
    EXTI1_IRQHandler                         0x0800221b   Thumb Code   106  dev_digital.o(.text)
    Request_LongPress                        0x08002285   Thumb Code    52  dev_digital.o(.text)
    Get_Button_State                         0x080022b9   Thumb Code     6  dev_digital.o(.text)
    lcd_data_line_write                      0x08002339   Thumb Code   144  dev_lcd.o(.text)
    lcd_data_line_conf                       0x080023c9   Thumb Code    62  dev_lcd.o(.text)
    lcd_data_line_read                       0x08002407   Thumb Code   168  dev_lcd.o(.text)
    lcd_Init_HW                              0x080024af   Thumb Code   126  dev_lcd.o(.text)
    lcd_Busy_Wait                            0x0800252d   Thumb Code    16  dev_lcd.o(.text)
    lcd_Control_Write                        0x0800253d   Thumb Code    44  dev_lcd.o(.text)
    lcd_Control_Read                         0x08002569   Thumb Code    44  dev_lcd.o(.text)
    lcd_Data_Write                           0x08002595   Thumb Code    44  dev_lcd.o(.text)
    lcd_Data_Read                            0x080025c1   Thumb Code    44  dev_lcd.o(.text)
    LCD_GotoXY                               0x080025ed   Thumb Code    72  dev_lcd.o(.text)
    LCD_Clear                                0x08002635   Thumb Code    30  dev_lcd.o(.text)
    Initialize_LCD                           0x08002653   Thumb Code    66  dev_lcd.o(.text)
    LCD_Home                                 0x08002695   Thumb Code    16  dev_lcd.o(.text)
    LCD_Print_Data                           0x080026a5   Thumb Code    38  dev_lcd.o(.text)
    fputc                                    0x080026cb   Thumb Code    16  dev_lcd.o(.text)
    __I2C_Debug__                            0x080026e5   Thumb Code    74  dev_i2c.o(.text)
    Initialize_I2C                           0x0800272f   Thumb Code   446  dev_i2c.o(.text)
    I2C_DMA_Config                           0x080028ed   Thumb Code    92  dev_i2c.o(.text)
    I2C_BUSY_Check                           0x08002949   Thumb Code    54  dev_i2c.o(.text)
    I2C_Request                              0x0800297f   Thumb Code   398  dev_i2c.o(.text)
    I2C_Interupt                             0x08002b0d   Thumb Code   480  dev_i2c.o(.text)
    DMA1_Stream0_IRQHandler                  0x08002ced   Thumb Code    46  dev_i2c.o(.text)
    I2C_LAST_TRANSMIT_Check                  0x08002d1b   Thumb Code    50  dev_i2c.o(.text)
    DMA1_Stream6_IRQHandler                  0x08002d4d   Thumb Code    58  dev_i2c.o(.text)
    DMA1_Stream2_IRQHandler                  0x08002d87   Thumb Code    52  dev_i2c.o(.text)
    DMA1_Stream7_IRQHandler                  0x08002dbb   Thumb Code    58  dev_i2c.o(.text)
    I2C1_EV_IRQHandler                       0x08002df5   Thumb Code    10  dev_i2c.o(.text)
    I2C2_EV_IRQHandler                       0x08002dff   Thumb Code    10  dev_i2c.o(.text)
    I2C1_ER_IRQHandler                       0x08002e09   Thumb Code    22  dev_i2c.o(.text)
    I2C2_ER_IRQHandler                       0x08002e1f   Thumb Code    22  dev_i2c.o(.text)
    I2C_EVENT_Check                          0x08002e35   Thumb Code    56  dev_i2c.o(.text)
    USART_WaitDMADisable                     0x08002e9d   Thumb Code    52  dev_usart.o(.text)
    USART_OpenPort                           0x08002ed1   Thumb Code   584  dev_usart.o(.text)
    USART_Set                                0x08003119   Thumb Code   234  dev_usart.o(.text)
    DMA1_Stream5_IRQHandler                  0x08003203   Thumb Code    22  dev_usart.o(.text)
    DMA1_Stream3_IRQHandler                  0x08003219   Thumb Code   130  dev_usart.o(.text)
    DMA1_Stream1_IRQHandler                  0x0800329b   Thumb Code    82  dev_usart.o(.text)
    USART2_IRQHandler                        0x080032ed   Thumb Code   118  dev_usart.o(.text)
    USART3_IRQHandler                        0x08003363   Thumb Code   118  dev_usart.o(.text)
    Initialize_USART_2                       0x080033d9   Thumb Code   132  dev_usart.o(.text)
    Initialize_TIMER                         0x0800348d   Thumb Code   262  dev_timer.o(.text)
    Initialize_TIMER_PWM                     0x08003593   Thumb Code   164  dev_timer.o(.text)
    Initialize_TIMER_INTERRUPT               0x08003637   Thumb Code   258  dev_timer.o(.text)
    TIM1_CC_IRQHandler                       0x08003739   Thumb Code     2  dev_timer.o(.text)
    TIM2_IRQHandler                          0x0800373b   Thumb Code     2  dev_timer.o(.text)
    TIM3_IRQHandler                          0x0800373d   Thumb Code     2  dev_timer.o(.text)
    TIM4_IRQHandler                          0x0800373f   Thumb Code     2  dev_timer.o(.text)
    TIM5_IRQHandler                          0x08003741   Thumb Code     2  dev_timer.o(.text)
    TIM6_DAC_IRQHandler                      0x08003743   Thumb Code     2  dev_timer.o(.text)
    TIM7_IRQHandler                          0x08003745   Thumb Code     2  dev_timer.o(.text)
    TIM8_CC_IRQHandler                       0x08003747   Thumb Code   142  dev_timer.o(.text)
    TIM1_BRK_TIM9_IRQHandler                 0x080037d5   Thumb Code    96  dev_timer.o(.text)
    NVIC_PriorityGroupConfig                 0x08003871   Thumb Code    10  misc.o(.text)
    NVIC_Init                                0x0800387b   Thumb Code   108  misc.o(.text)
    NVIC_SetVectorTable                      0x080038e7   Thumb Code    14  misc.o(.text)
    NVIC_SystemLPConfig                      0x080038f5   Thumb Code    34  misc.o(.text)
    SysTick_CLKSourceConfig                  0x08003917   Thumb Code    40  misc.o(.text)
    ADC_DeInit                               0x08003955   Thumb Code    22  stm32f4xx_adc.o(.text)
    ADC_Init                                 0x0800396b   Thumb Code    74  stm32f4xx_adc.o(.text)
    ADC_StructInit                           0x080039b5   Thumb Code    20  stm32f4xx_adc.o(.text)
    ADC_CommonInit                           0x080039c9   Thumb Code    44  stm32f4xx_adc.o(.text)
    ADC_CommonStructInit                     0x080039f5   Thumb Code    12  stm32f4xx_adc.o(.text)
    ADC_Cmd                                  0x08003a01   Thumb Code    22  stm32f4xx_adc.o(.text)
    ADC_AnalogWatchdogCmd                    0x08003a17   Thumb Code    16  stm32f4xx_adc.o(.text)
    ADC_AnalogWatchdogThresholdsConfig       0x08003a27   Thumb Code     6  stm32f4xx_adc.o(.text)
    ADC_AnalogWatchdogSingleChannelConfig    0x08003a2d   Thumb Code    16  stm32f4xx_adc.o(.text)
    ADC_TempSensorVrefintCmd                 0x08003a3d   Thumb Code    34  stm32f4xx_adc.o(.text)
    ADC_VBATCmd                              0x08003a5f   Thumb Code    34  stm32f4xx_adc.o(.text)
    ADC_RegularChannelConfig                 0x08003a81   Thumb Code   184  stm32f4xx_adc.o(.text)
    ADC_SoftwareStartConv                    0x08003b39   Thumb Code    10  stm32f4xx_adc.o(.text)
    ADC_GetSoftwareStartConvStatus           0x08003b43   Thumb Code    20  stm32f4xx_adc.o(.text)
    ADC_EOCOnEachRegularChannelCmd           0x08003b57   Thumb Code    22  stm32f4xx_adc.o(.text)
    ADC_ContinuousModeCmd                    0x08003b6d   Thumb Code    22  stm32f4xx_adc.o(.text)
    ADC_DiscModeChannelCountConfig           0x08003b83   Thumb Code    24  stm32f4xx_adc.o(.text)
    ADC_DiscModeCmd                          0x08003b9b   Thumb Code    22  stm32f4xx_adc.o(.text)
    ADC_GetConversionValue                   0x08003bb1   Thumb Code     8  stm32f4xx_adc.o(.text)
    ADC_GetMultiModeConversionValue          0x08003bb9   Thumb Code     6  stm32f4xx_adc.o(.text)
    ADC_DMACmd                               0x08003bbf   Thumb Code    22  stm32f4xx_adc.o(.text)
    ADC_DMARequestAfterLastTransferCmd       0x08003bd5   Thumb Code    22  stm32f4xx_adc.o(.text)
    ADC_MultiModeDMARequestAfterLastTransferCmd 0x08003beb   Thumb Code    34  stm32f4xx_adc.o(.text)
    ADC_InjectedChannelConfig                0x08003c0d   Thumb Code   130  stm32f4xx_adc.o(.text)
    ADC_InjectedSequencerLengthConfig        0x08003c8f   Thumb Code    24  stm32f4xx_adc.o(.text)
    ADC_SetInjectedOffset                    0x08003ca7   Thumb Code    20  stm32f4xx_adc.o(.text)
    ADC_ExternalTrigInjectedConvConfig       0x08003cbb   Thumb Code    16  stm32f4xx_adc.o(.text)
    ADC_ExternalTrigInjectedConvEdgeConfig   0x08003ccb   Thumb Code    16  stm32f4xx_adc.o(.text)
    ADC_SoftwareStartInjectedConv            0x08003cdb   Thumb Code    10  stm32f4xx_adc.o(.text)
    ADC_GetSoftwareStartInjectedConvCmdStatus 0x08003ce5   Thumb Code    20  stm32f4xx_adc.o(.text)
    ADC_AutoInjectedConvCmd                  0x08003cf9   Thumb Code    22  stm32f4xx_adc.o(.text)
    ADC_InjectedDiscModeCmd                  0x08003d0f   Thumb Code    22  stm32f4xx_adc.o(.text)
    ADC_GetInjectedConversionValue           0x08003d25   Thumb Code    28  stm32f4xx_adc.o(.text)
    ADC_ITConfig                             0x08003d41   Thumb Code    60  stm32f4xx_adc.o(.text)
    ADC_GetFlagStatus                        0x08003d7d   Thumb Code    18  stm32f4xx_adc.o(.text)
    ADC_ClearFlag                            0x08003d8f   Thumb Code     6  stm32f4xx_adc.o(.text)
    ADC_GetITStatus                          0x08003d95   Thumb Code    38  stm32f4xx_adc.o(.text)
    ADC_ClearITPendingBit                    0x08003dbb   Thumb Code    10  stm32f4xx_adc.o(.text)
    DMA_DeInit                               0x08003dc5   Thumb Code   324  stm32f4xx_dma.o(.text)
    DMA_Init                                 0x08003f09   Thumb Code    82  stm32f4xx_dma.o(.text)
    DMA_StructInit                           0x08003f5b   Thumb Code    34  stm32f4xx_dma.o(.text)
    DMA_Cmd                                  0x08003f7d   Thumb Code    22  stm32f4xx_dma.o(.text)
    DMA_PeriphIncOffsetSizeConfig            0x08003f93   Thumb Code    22  stm32f4xx_dma.o(.text)
    DMA_FlowControllerConfig                 0x08003fa9   Thumb Code    22  stm32f4xx_dma.o(.text)
    DMA_SetCurrDataCounter                   0x08003fbf   Thumb Code     4  stm32f4xx_dma.o(.text)
    DMA_GetCurrDataCounter                   0x08003fc3   Thumb Code     8  stm32f4xx_dma.o(.text)
    DMA_DoubleBufferModeConfig               0x08003fcb   Thumb Code    24  stm32f4xx_dma.o(.text)
    DMA_DoubleBufferModeCmd                  0x08003fe3   Thumb Code    22  stm32f4xx_dma.o(.text)
    DMA_MemoryTargetConfig                   0x08003ff9   Thumb Code    10  stm32f4xx_dma.o(.text)
    DMA_GetCurrentMemoryTarget               0x08004003   Thumb Code    20  stm32f4xx_dma.o(.text)
    DMA_GetCmdStatus                         0x08004017   Thumb Code    20  stm32f4xx_dma.o(.text)
    DMA_GetFIFOStatus                        0x0800402b   Thumb Code    12  stm32f4xx_dma.o(.text)
    DMA_GetFlagStatus                        0x08004037   Thumb Code    54  stm32f4xx_dma.o(.text)
    DMA_ClearFlag                            0x0800406d   Thumb Code    40  stm32f4xx_dma.o(.text)
    DMA_ITConfig                             0x08004095   Thumb Code    58  stm32f4xx_dma.o(.text)
    DMA_GetITStatus                          0x080040cf   Thumb Code    82  stm32f4xx_dma.o(.text)
    DMA_ClearITPendingBit                    0x08004121   Thumb Code    40  stm32f4xx_dma.o(.text)
    EXTI_DeInit                              0x08004169   Thumb Code    28  stm32f4xx_exti.o(.text)
    EXTI_Init                                0x08004185   Thumb Code   142  stm32f4xx_exti.o(.text)
    EXTI_StructInit                          0x08004213   Thumb Code    16  stm32f4xx_exti.o(.text)
    EXTI_GenerateSWInterrupt                 0x08004223   Thumb Code    16  stm32f4xx_exti.o(.text)
    EXTI_GetFlagStatus                       0x08004233   Thumb Code    22  stm32f4xx_exti.o(.text)
    EXTI_ClearFlag                           0x08004249   Thumb Code     8  stm32f4xx_exti.o(.text)
    EXTI_GetITStatus                         0x08004251   Thumb Code    34  stm32f4xx_exti.o(.text)
    EXTI_ClearITPendingBit                   0x08004273   Thumb Code     8  stm32f4xx_exti.o(.text)
    GPIO_DeInit                              0x08004285   Thumb Code   220  stm32f4xx_gpio.o(.text)
    GPIO_Init                                0x08004361   Thumb Code   144  stm32f4xx_gpio.o(.text)
    GPIO_StructInit                          0x080043f1   Thumb Code    18  stm32f4xx_gpio.o(.text)
    GPIO_PinLockConfig                       0x08004403   Thumb Code    34  stm32f4xx_gpio.o(.text)
    GPIO_ReadInputDataBit                    0x08004425   Thumb Code    18  stm32f4xx_gpio.o(.text)
    GPIO_ReadInputData                       0x08004437   Thumb Code     8  stm32f4xx_gpio.o(.text)
    GPIO_ReadOutputDataBit                   0x0800443f   Thumb Code    18  stm32f4xx_gpio.o(.text)
    GPIO_ReadOutputData                      0x08004451   Thumb Code     8  stm32f4xx_gpio.o(.text)
    GPIO_SetBits                             0x08004459   Thumb Code     4  stm32f4xx_gpio.o(.text)
    GPIO_ResetBits                           0x0800445d   Thumb Code     4  stm32f4xx_gpio.o(.text)
    GPIO_WriteBit                            0x08004461   Thumb Code    10  stm32f4xx_gpio.o(.text)
    GPIO_Write                               0x0800446b   Thumb Code     4  stm32f4xx_gpio.o(.text)
    GPIO_ToggleBits                          0x0800446f   Thumb Code     8  stm32f4xx_gpio.o(.text)
    GPIO_PinAFConfig                         0x08004477   Thumb Code    70  stm32f4xx_gpio.o(.text)
    I2C_DeInit                               0x080044e1   Thumb Code    82  stm32f4xx_i2c.o(.text)
    I2C_Init                                 0x08004533   Thumb Code   218  stm32f4xx_i2c.o(.text)
    I2C_StructInit                           0x0800460d   Thumb Code    30  stm32f4xx_i2c.o(.text)
    I2C_Cmd                                  0x0800462b   Thumb Code    24  stm32f4xx_i2c.o(.text)
    I2C_GenerateSTART                        0x08004643   Thumb Code    24  stm32f4xx_i2c.o(.text)
    I2C_GenerateSTOP                         0x0800465b   Thumb Code    24  stm32f4xx_i2c.o(.text)
    I2C_Send7bitAddress                      0x08004673   Thumb Code    16  stm32f4xx_i2c.o(.text)
    I2C_AcknowledgeConfig                    0x08004683   Thumb Code    24  stm32f4xx_i2c.o(.text)
    I2C_OwnAddress2Config                    0x0800469b   Thumb Code    22  stm32f4xx_i2c.o(.text)
    I2C_DualAddressCmd                       0x080046b1   Thumb Code    24  stm32f4xx_i2c.o(.text)
    I2C_GeneralCallCmd                       0x080046c9   Thumb Code    24  stm32f4xx_i2c.o(.text)
    I2C_SoftwareResetCmd                     0x080046e1   Thumb Code    22  stm32f4xx_i2c.o(.text)
    I2C_StretchClockCmd                      0x080046f7   Thumb Code    24  stm32f4xx_i2c.o(.text)
    I2C_FastModeDutyCycleConfig              0x0800470f   Thumb Code    28  stm32f4xx_i2c.o(.text)
    I2C_NACKPositionConfig                   0x0800472b   Thumb Code    28  stm32f4xx_i2c.o(.text)
    I2C_SMBusAlertConfig                     0x08004747   Thumb Code    28  stm32f4xx_i2c.o(.text)
    I2C_ARPCmd                               0x08004763   Thumb Code    24  stm32f4xx_i2c.o(.text)
    I2C_SendData                             0x0800477b   Thumb Code     4  stm32f4xx_i2c.o(.text)
    I2C_ReceiveData                          0x0800477f   Thumb Code     8  stm32f4xx_i2c.o(.text)
    I2C_TransmitPEC                          0x08004787   Thumb Code    24  stm32f4xx_i2c.o(.text)
    I2C_PECPositionConfig                    0x0800479f   Thumb Code    28  stm32f4xx_i2c.o(.text)
    I2C_CalculatePEC                         0x080047bb   Thumb Code    24  stm32f4xx_i2c.o(.text)
    I2C_GetPEC                               0x080047d3   Thumb Code     8  stm32f4xx_i2c.o(.text)
    I2C_DMACmd                               0x080047db   Thumb Code    24  stm32f4xx_i2c.o(.text)
    I2C_DMALastTransferCmd                   0x080047f3   Thumb Code    24  stm32f4xx_i2c.o(.text)
    I2C_ReadRegister                         0x0800480b   Thumb Code    22  stm32f4xx_i2c.o(.text)
    I2C_ITConfig                             0x08004821   Thumb Code    18  stm32f4xx_i2c.o(.text)
    I2C_CheckEvent                           0x08004833   Thumb Code    42  stm32f4xx_i2c.o(.text)
    I2C_GetLastEvent                         0x0800485d   Thumb Code    26  stm32f4xx_i2c.o(.text)
    I2C_GetFlagStatus                        0x08004877   Thumb Code    58  stm32f4xx_i2c.o(.text)
    I2C_ClearFlag                            0x080048b1   Thumb Code    12  stm32f4xx_i2c.o(.text)
    I2C_GetITStatus                          0x080048bd   Thumb Code    64  stm32f4xx_i2c.o(.text)
    I2C_ClearITPendingBit                    0x080048fd   Thumb Code    12  stm32f4xx_i2c.o(.text)
    RCC_DeInit                               0x08004909   Thumb Code    60  stm32f4xx_rcc.o(.text)
    RCC_HSEConfig                            0x08004945   Thumb Code    14  stm32f4xx_rcc.o(.text)
    RCC_GetFlagStatus                        0x08004953   Thumb Code    60  stm32f4xx_rcc.o(.text)
    RCC_WaitForHSEStartUp                    0x0800498f   Thumb Code    56  stm32f4xx_rcc.o(.text)
    RCC_AdjustHSICalibrationValue            0x080049c7   Thumb Code    20  stm32f4xx_rcc.o(.text)
    RCC_HSICmd                               0x080049db   Thumb Code     6  stm32f4xx_rcc.o(.text)
    RCC_LSEConfig                            0x080049e1   Thumb Code    46  stm32f4xx_rcc.o(.text)
    RCC_LSICmd                               0x08004a0f   Thumb Code     6  stm32f4xx_rcc.o(.text)
    RCC_PLLConfig                            0x08004a15   Thumb Code    32  stm32f4xx_rcc.o(.text)
    RCC_PLLCmd                               0x08004a35   Thumb Code     6  stm32f4xx_rcc.o(.text)
    RCC_PLLI2SConfig                         0x08004a3b   Thumb Code    14  stm32f4xx_rcc.o(.text)
    RCC_PLLI2SCmd                            0x08004a49   Thumb Code     6  stm32f4xx_rcc.o(.text)
    RCC_ClockSecuritySystemCmd               0x08004a4f   Thumb Code     6  stm32f4xx_rcc.o(.text)
    RCC_MCO1Config                           0x08004a55   Thumb Code    28  stm32f4xx_rcc.o(.text)
    RCC_MCO2Config                           0x08004a71   Thumb Code    28  stm32f4xx_rcc.o(.text)
    RCC_SYSCLKConfig                         0x08004a8d   Thumb Code    20  stm32f4xx_rcc.o(.text)
    RCC_GetSYSCLKSource                      0x08004aa1   Thumb Code    12  stm32f4xx_rcc.o(.text)
    RCC_HCLKConfig                           0x08004aad   Thumb Code    20  stm32f4xx_rcc.o(.text)
    RCC_PCLK1Config                          0x08004ac1   Thumb Code    20  stm32f4xx_rcc.o(.text)
    RCC_PCLK2Config                          0x08004ad5   Thumb Code    22  stm32f4xx_rcc.o(.text)
    RCC_GetClocksFreq                        0x08004aeb   Thumb Code   222  stm32f4xx_rcc.o(.text)
    RCC_RTCCLKConfig                         0x08004bc9   Thumb Code    54  stm32f4xx_rcc.o(.text)
    RCC_RTCCLKCmd                            0x08004bff   Thumb Code     8  stm32f4xx_rcc.o(.text)
    RCC_BackupResetCmd                       0x08004c07   Thumb Code     8  stm32f4xx_rcc.o(.text)
    RCC_I2SCLKConfig                         0x08004c0f   Thumb Code     6  stm32f4xx_rcc.o(.text)
    RCC_AHB1PeriphClockCmd                   0x08004c15   Thumb Code    34  stm32f4xx_rcc.o(.text)
    RCC_AHB2PeriphClockCmd                   0x08004c37   Thumb Code    34  stm32f4xx_rcc.o(.text)
    RCC_AHB3PeriphClockCmd                   0x08004c59   Thumb Code    34  stm32f4xx_rcc.o(.text)
    RCC_APB1PeriphClockCmd                   0x08004c7b   Thumb Code    34  stm32f4xx_rcc.o(.text)
    RCC_APB2PeriphClockCmd                   0x08004c9d   Thumb Code    34  stm32f4xx_rcc.o(.text)
    RCC_AHB1PeriphResetCmd                   0x08004cbf   Thumb Code    34  stm32f4xx_rcc.o(.text)
    RCC_AHB2PeriphResetCmd                   0x08004ce1   Thumb Code    72  stm32f4xx_rcc.o(.text)
    RCC_AHB3PeriphResetCmd                   0x08004d29   Thumb Code    34  stm32f4xx_rcc.o(.text)
    RCC_APB1PeriphResetCmd                   0x08004d4b   Thumb Code    34  stm32f4xx_rcc.o(.text)
    RCC_APB2PeriphResetCmd                   0x08004d6d   Thumb Code    34  stm32f4xx_rcc.o(.text)
    RCC_AHB1PeriphClockLPModeCmd             0x08004d8f   Thumb Code    34  stm32f4xx_rcc.o(.text)
    RCC_AHB2PeriphClockLPModeCmd             0x08004db1   Thumb Code    34  stm32f4xx_rcc.o(.text)
    RCC_AHB3PeriphClockLPModeCmd             0x08004dd3   Thumb Code    34  stm32f4xx_rcc.o(.text)
    RCC_APB1PeriphClockLPModeCmd             0x08004df5   Thumb Code    34  stm32f4xx_rcc.o(.text)
    RCC_APB2PeriphClockLPModeCmd             0x08004e17   Thumb Code    34  stm32f4xx_rcc.o(.text)
    RCC_ITConfig                             0x08004e39   Thumb Code    34  stm32f4xx_rcc.o(.text)
    RCC_ClearFlag                            0x08004e5b   Thumb Code    18  stm32f4xx_rcc.o(.text)
    RCC_GetITStatus                          0x08004e6d   Thumb Code    22  stm32f4xx_rcc.o(.text)
    RCC_ClearITPendingBit                    0x08004e83   Thumb Code     8  stm32f4xx_rcc.o(.text)
    TIM_DeInit                               0x08004e91   Thumb Code   346  stm32f4xx_tim.o(.text)
    TIM_TimeBaseInit                         0x08004feb   Thumb Code   104  stm32f4xx_tim.o(.text)
    TIM_TimeBaseStructInit                   0x08005053   Thumb Code    18  stm32f4xx_tim.o(.text)
    TIM_PrescalerConfig                      0x08005065   Thumb Code     6  stm32f4xx_tim.o(.text)
    TIM_CounterModeConfig                    0x0800506b   Thumb Code    18  stm32f4xx_tim.o(.text)
    TIM_SetCounter                           0x0800507d   Thumb Code     4  stm32f4xx_tim.o(.text)
    TIM_SetAutoreload                        0x08005081   Thumb Code     4  stm32f4xx_tim.o(.text)
    TIM_GetCounter                           0x08005085   Thumb Code     6  stm32f4xx_tim.o(.text)
    TIM_GetPrescaler                         0x0800508b   Thumb Code     6  stm32f4xx_tim.o(.text)
    TIM_UpdateDisableConfig                  0x08005091   Thumb Code    24  stm32f4xx_tim.o(.text)
    TIM_UpdateRequestConfig                  0x080050a9   Thumb Code    24  stm32f4xx_tim.o(.text)
    TIM_ARRPreloadConfig                     0x080050c1   Thumb Code    24  stm32f4xx_tim.o(.text)
    TIM_SelectOnePulseMode                   0x080050d9   Thumb Code    18  stm32f4xx_tim.o(.text)
    TIM_SetClockDivision                     0x080050eb   Thumb Code    18  stm32f4xx_tim.o(.text)
    TIM_Cmd                                  0x080050fd   Thumb Code    24  stm32f4xx_tim.o(.text)
    TIM_OC1Init                              0x08005115   Thumb Code   114  stm32f4xx_tim.o(.text)
    TIM_OC2Init                              0x08005187   Thumb Code   154  stm32f4xx_tim.o(.text)
    TIM_OC3Init                              0x08005221   Thumb Code   204  stm32f4xx_tim.o(.text)
    TIM_OC4Init                              0x080052ed   Thumb Code   112  stm32f4xx_tim.o(.text)
    TIM_OCStructInit                         0x0800535d   Thumb Code    20  stm32f4xx_tim.o(.text)
    TIM_SelectOCxM                           0x08005371   Thumb Code    86  stm32f4xx_tim.o(.text)
    TIM_SetCompare1                          0x080053c7   Thumb Code     4  stm32f4xx_tim.o(.text)
    TIM_SetCompare2                          0x080053cb   Thumb Code     4  stm32f4xx_tim.o(.text)
    TIM_SetCompare3                          0x080053cf   Thumb Code     4  stm32f4xx_tim.o(.text)
    TIM_SetCompare4                          0x080053d3   Thumb Code     4  stm32f4xx_tim.o(.text)
    TIM_ForcedOC1Config                      0x080053d7   Thumb Code    18  stm32f4xx_tim.o(.text)
    TIM_ForcedOC2Config                      0x080053e9   Thumb Code    26  stm32f4xx_tim.o(.text)
    TIM_ForcedOC3Config                      0x08005403   Thumb Code    18  stm32f4xx_tim.o(.text)
    TIM_ForcedOC4Config                      0x08005415   Thumb Code    26  stm32f4xx_tim.o(.text)
    TIM_OC1PreloadConfig                     0x0800542f   Thumb Code    18  stm32f4xx_tim.o(.text)
    TIM_OC2PreloadConfig                     0x08005441   Thumb Code    26  stm32f4xx_tim.o(.text)
    TIM_OC3PreloadConfig                     0x0800545b   Thumb Code    18  stm32f4xx_tim.o(.text)
    TIM_OC4PreloadConfig                     0x0800546d   Thumb Code    26  stm32f4xx_tim.o(.text)
    TIM_OC1FastConfig                        0x08005487   Thumb Code    18  stm32f4xx_tim.o(.text)
    TIM_OC2FastConfig                        0x08005499   Thumb Code    26  stm32f4xx_tim.o(.text)
    TIM_OC3FastConfig                        0x080054b3   Thumb Code    18  stm32f4xx_tim.o(.text)
    TIM_OC4FastConfig                        0x080054c5   Thumb Code    26  stm32f4xx_tim.o(.text)
    TIM_ClearOC1Ref                          0x080054df   Thumb Code    18  stm32f4xx_tim.o(.text)
    TIM_ClearOC2Ref                          0x080054f1   Thumb Code    24  stm32f4xx_tim.o(.text)
    TIM_ClearOC3Ref                          0x08005509   Thumb Code    18  stm32f4xx_tim.o(.text)
    TIM_ClearOC4Ref                          0x0800551b   Thumb Code    24  stm32f4xx_tim.o(.text)
    TIM_OC1PolarityConfig                    0x08005533   Thumb Code    18  stm32f4xx_tim.o(.text)
    TIM_OC1NPolarityConfig                   0x08005545   Thumb Code    18  stm32f4xx_tim.o(.text)
    TIM_OC2PolarityConfig                    0x08005557   Thumb Code    26  stm32f4xx_tim.o(.text)
    TIM_OC2NPolarityConfig                   0x08005571   Thumb Code    26  stm32f4xx_tim.o(.text)
    TIM_OC3PolarityConfig                    0x0800558b   Thumb Code    26  stm32f4xx_tim.o(.text)
    TIM_OC3NPolarityConfig                   0x080055a5   Thumb Code    26  stm32f4xx_tim.o(.text)
    TIM_OC4PolarityConfig                    0x080055bf   Thumb Code    26  stm32f4xx_tim.o(.text)
    TIM_CCxCmd                               0x080055d9   Thumb Code    30  stm32f4xx_tim.o(.text)
    TIM_CCxNCmd                              0x080055f7   Thumb Code    30  stm32f4xx_tim.o(.text)
    TIM_SetIC4Prescaler                      0x08005615   Thumb Code    26  stm32f4xx_tim.o(.text)
    TIM_SetIC3Prescaler                      0x0800567f   Thumb Code    18  stm32f4xx_tim.o(.text)
    TIM_SetIC2Prescaler                      0x080056d9   Thumb Code    26  stm32f4xx_tim.o(.text)
    TIM_SetIC1Prescaler                      0x0800574d   Thumb Code    18  stm32f4xx_tim.o(.text)
    TIM_ICInit                               0x08005799   Thumb Code   110  stm32f4xx_tim.o(.text)
    TIM_ICStructInit                         0x08005807   Thumb Code    18  stm32f4xx_tim.o(.text)
    TIM_PWMIConfig                           0x08005819   Thumb Code   124  stm32f4xx_tim.o(.text)
    TIM_GetCapture1                          0x08005895   Thumb Code     6  stm32f4xx_tim.o(.text)
    TIM_GetCapture2                          0x0800589b   Thumb Code     6  stm32f4xx_tim.o(.text)
    TIM_GetCapture3                          0x080058a1   Thumb Code     6  stm32f4xx_tim.o(.text)
    TIM_GetCapture4                          0x080058a7   Thumb Code     6  stm32f4xx_tim.o(.text)
    TIM_BDTRConfig                           0x080058ad   Thumb Code    32  stm32f4xx_tim.o(.text)
    TIM_BDTRStructInit                       0x080058cd   Thumb Code    18  stm32f4xx_tim.o(.text)
    TIM_CtrlPWMOutputs                       0x080058df   Thumb Code    30  stm32f4xx_tim.o(.text)
    TIM_SelectCOM                            0x080058fd   Thumb Code    24  stm32f4xx_tim.o(.text)
    TIM_CCPreloadControl                     0x08005915   Thumb Code    24  stm32f4xx_tim.o(.text)
    TIM_ITConfig                             0x0800592d   Thumb Code    18  stm32f4xx_tim.o(.text)
    TIM_GenerateEvent                        0x0800593f   Thumb Code     4  stm32f4xx_tim.o(.text)
    TIM_GetFlagStatus                        0x08005943   Thumb Code    18  stm32f4xx_tim.o(.text)
    TIM_ClearFlag                            0x08005955   Thumb Code     6  stm32f4xx_tim.o(.text)
    TIM_GetITStatus                          0x0800595b   Thumb Code    34  stm32f4xx_tim.o(.text)
    TIM_ClearITPendingBit                    0x0800597d   Thumb Code     6  stm32f4xx_tim.o(.text)
    TIM_DMAConfig                            0x08005983   Thumb Code    10  stm32f4xx_tim.o(.text)
    TIM_DMACmd                               0x0800598d   Thumb Code    18  stm32f4xx_tim.o(.text)
    TIM_SelectCCDMA                          0x0800599f   Thumb Code    24  stm32f4xx_tim.o(.text)
    TIM_InternalClockConfig                  0x080059b7   Thumb Code    12  stm32f4xx_tim.o(.text)
    TIM_SelectInputTrigger                   0x080059c3   Thumb Code    18  stm32f4xx_tim.o(.text)
    TIM_ITRxExternalClockConfig              0x080059d5   Thumb Code    24  stm32f4xx_tim.o(.text)
    TIM_TIxExternalClockConfig               0x080059ed   Thumb Code    62  stm32f4xx_tim.o(.text)
    TIM_ETRConfig                            0x08005a2b   Thumb Code    28  stm32f4xx_tim.o(.text)
    TIM_ETRClockMode1Config                  0x08005a47   Thumb Code    54  stm32f4xx_tim.o(.text)
    TIM_ETRClockMode2Config                  0x08005a7d   Thumb Code    32  stm32f4xx_tim.o(.text)
    TIM_SelectOutputTrigger                  0x08005a9d   Thumb Code    18  stm32f4xx_tim.o(.text)
    TIM_SelectSlaveMode                      0x08005aaf   Thumb Code    18  stm32f4xx_tim.o(.text)
    TIM_SelectMasterSlaveMode                0x08005ac1   Thumb Code    18  stm32f4xx_tim.o(.text)
    TIM_EncoderInterfaceConfig               0x08005ad3   Thumb Code    66  stm32f4xx_tim.o(.text)
    TIM_SelectHallSensor                     0x08005b15   Thumb Code    24  stm32f4xx_tim.o(.text)
    TIM_RemapConfig                          0x08005b2d   Thumb Code     6  stm32f4xx_tim.o(.text)
    USART_DeInit                             0x08005b35   Thumb Code   156  stm32f4xx_usart.o(.text)
    USART_Init                               0x08005bd1   Thumb Code   204  stm32f4xx_usart.o(.text)
    USART_StructInit                         0x08005c9d   Thumb Code    24  stm32f4xx_usart.o(.text)
    USART_ClockInit                          0x08005cb5   Thumb Code    32  stm32f4xx_usart.o(.text)
    USART_ClockStructInit                    0x08005cd5   Thumb Code    12  stm32f4xx_usart.o(.text)
    USART_Cmd                                0x08005ce1   Thumb Code    24  stm32f4xx_usart.o(.text)
    USART_SetPrescaler                       0x08005cf9   Thumb Code    16  stm32f4xx_usart.o(.text)
    USART_OverSampling8Cmd                   0x08005d09   Thumb Code    22  stm32f4xx_usart.o(.text)
    USART_OneBitMethodCmd                    0x08005d1f   Thumb Code    24  stm32f4xx_usart.o(.text)
    USART_SendData                           0x08005d37   Thumb Code     8  stm32f4xx_usart.o(.text)
    USART_ReceiveData                        0x08005d3f   Thumb Code    10  stm32f4xx_usart.o(.text)
    USART_SetAddress                         0x08005d49   Thumb Code    18  stm32f4xx_usart.o(.text)
    USART_ReceiverWakeUpCmd                  0x08005d5b   Thumb Code    24  stm32f4xx_usart.o(.text)
    USART_WakeUpConfig                       0x08005d73   Thumb Code    18  stm32f4xx_usart.o(.text)
    USART_LINBreakDetectLengthConfig         0x08005d85   Thumb Code    18  stm32f4xx_usart.o(.text)
    USART_LINCmd                             0x08005d97   Thumb Code    24  stm32f4xx_usart.o(.text)
    USART_SendBreak                          0x08005daf   Thumb Code    10  stm32f4xx_usart.o(.text)
    USART_HalfDuplexCmd                      0x08005db9   Thumb Code    24  stm32f4xx_usart.o(.text)
    USART_SetGuardTime                       0x08005dd1   Thumb Code    16  stm32f4xx_usart.o(.text)
    USART_SmartCardCmd                       0x08005de1   Thumb Code    24  stm32f4xx_usart.o(.text)
    USART_SmartCardNACKCmd                   0x08005df9   Thumb Code    24  stm32f4xx_usart.o(.text)
    USART_IrDAConfig                         0x08005e11   Thumb Code    18  stm32f4xx_usart.o(.text)
    USART_IrDACmd                            0x08005e23   Thumb Code    24  stm32f4xx_usart.o(.text)
    USART_DMACmd                             0x08005e3b   Thumb Code    18  stm32f4xx_usart.o(.text)
    USART_ITConfig                           0x08005e4d   Thumb Code    74  stm32f4xx_usart.o(.text)
    USART_GetFlagStatus                      0x08005e97   Thumb Code    26  stm32f4xx_usart.o(.text)
    USART_ClearFlag                          0x08005eb1   Thumb Code    18  stm32f4xx_usart.o(.text)
    USART_GetITStatus                        0x08005ec3   Thumb Code   110  stm32f4xx_usart.o(.text)
    USART_ClearITPendingBit                  0x08005f31   Thumb Code    30  stm32f4xx_usart.o(.text)
    SystemInit                               0x0800602b   Thumb Code    74  system_stm32f4xx.o(.text)
    SystemCoreClockUpdate                    0x08006075   Thumb Code   174  system_stm32f4xx.o(.text)
    SYSCFG_DeInit                            0x08006151   Thumb Code    22  stm32f4xx_syscfg.o(.text)
    SYSCFG_MemoryRemapConfig                 0x08006167   Thumb Code     6  stm32f4xx_syscfg.o(.text)
    SYSCFG_EXTILineConfig                    0x0800616d   Thumb Code    66  stm32f4xx_syscfg.o(.text)
    SYSCFG_ETH_MediaInterfaceConfig          0x080061af   Thumb Code     6  stm32f4xx_syscfg.o(.text)
    SYSCFG_CompensationCellCmd               0x080061b5   Thumb Code     6  stm32f4xx_syscfg.o(.text)
    SYSCFG_GetCompensationCellStatus         0x080061bb   Thumb Code    22  stm32f4xx_syscfg.o(.text)
    Reset_Handler                            0x080061dd   Thumb Code     8  startup_stm32f4xx.o(.text)
    NMI_Handler                              0x080061e5   Thumb Code     2  startup_stm32f4xx.o(.text)
    HardFault_Handler                        0x080061e7   Thumb Code     2  startup_stm32f4xx.o(.text)
    MemManage_Handler                        0x080061e9   Thumb Code     2  startup_stm32f4xx.o(.text)
    BusFault_Handler                         0x080061eb   Thumb Code     2  startup_stm32f4xx.o(.text)
    UsageFault_Handler                       0x080061ed   Thumb Code     2  startup_stm32f4xx.o(.text)
    SVC_Handler                              0x080061ef   Thumb Code     2  startup_stm32f4xx.o(.text)
    DebugMon_Handler                         0x080061f1   Thumb Code     2  startup_stm32f4xx.o(.text)
    PendSV_Handler                           0x080061f3   Thumb Code     2  startup_stm32f4xx.o(.text)
    ADC_IRQHandler                           0x080061f7   Thumb Code     0  startup_stm32f4xx.o(.text)
    CAN1_RX0_IRQHandler                      0x080061f7   Thumb Code     0  startup_stm32f4xx.o(.text)
    CAN1_RX1_IRQHandler                      0x080061f7   Thumb Code     0  startup_stm32f4xx.o(.text)
    CAN1_SCE_IRQHandler                      0x080061f7   Thumb Code     0  startup_stm32f4xx.o(.text)
    CAN1_TX_IRQHandler                       0x080061f7   Thumb Code     0  startup_stm32f4xx.o(.text)
    CAN2_RX0_IRQHandler                      0x080061f7   Thumb Code     0  startup_stm32f4xx.o(.text)
    CAN2_RX1_IRQHandler                      0x080061f7   Thumb Code     0  startup_stm32f4xx.o(.text)
    CAN2_SCE_IRQHandler                      0x080061f7   Thumb Code     0  startup_stm32f4xx.o(.text)
    CAN2_TX_IRQHandler                       0x080061f7   Thumb Code     0  startup_stm32f4xx.o(.text)
    CRYP_IRQHandler                          0x080061f7   Thumb Code     0  startup_stm32f4xx.o(.text)
    DCMI_IRQHandler                          0x080061f7   Thumb Code     0  startup_stm32f4xx.o(.text)
    DMA1_Stream4_IRQHandler                  0x080061f7   Thumb Code     0  startup_stm32f4xx.o(.text)
    DMA2_Stream0_IRQHandler                  0x080061f7   Thumb Code     0  startup_stm32f4xx.o(.text)
    DMA2_Stream1_IRQHandler                  0x080061f7   Thumb Code     0  startup_stm32f4xx.o(.text)
    DMA2_Stream2_IRQHandler                  0x080061f7   Thumb Code     0  startup_stm32f4xx.o(.text)
    DMA2_Stream3_IRQHandler                  0x080061f7   Thumb Code     0  startup_stm32f4xx.o(.text)
    DMA2_Stream4_IRQHandler                  0x080061f7   Thumb Code     0  startup_stm32f4xx.o(.text)
    DMA2_Stream5_IRQHandler                  0x080061f7   Thumb Code     0  startup_stm32f4xx.o(.text)
    DMA2_Stream6_IRQHandler                  0x080061f7   Thumb Code     0  startup_stm32f4xx.o(.text)
    DMA2_Stream7_IRQHandler                  0x080061f7   Thumb Code     0  startup_stm32f4xx.o(.text)
    ETH_IRQHandler                           0x080061f7   Thumb Code     0  startup_stm32f4xx.o(.text)
    ETH_WKUP_IRQHandler                      0x080061f7   Thumb Code     0  startup_stm32f4xx.o(.text)
    FLASH_IRQHandler                         0x080061f7   Thumb Code     0  startup_stm32f4xx.o(.text)
    FPU_IRQHandler                           0x080061f7   Thumb Code     0  startup_stm32f4xx.o(.text)
    FSMC_IRQHandler                          0x080061f7   Thumb Code     0  startup_stm32f4xx.o(.text)
    HASH_RNG_IRQHandler                      0x080061f7   Thumb Code     0  startup_stm32f4xx.o(.text)
    I2C3_ER_IRQHandler                       0x080061f7   Thumb Code     0  startup_stm32f4xx.o(.text)
    I2C3_EV_IRQHandler                       0x080061f7   Thumb Code     0  startup_stm32f4xx.o(.text)
    OTG_FS_IRQHandler                        0x080061f7   Thumb Code     0  startup_stm32f4xx.o(.text)
    OTG_FS_WKUP_IRQHandler                   0x080061f7   Thumb Code     0  startup_stm32f4xx.o(.text)
    OTG_HS_EP1_IN_IRQHandler                 0x080061f7   Thumb Code     0  startup_stm32f4xx.o(.text)
    OTG_HS_EP1_OUT_IRQHandler                0x080061f7   Thumb Code     0  startup_stm32f4xx.o(.text)
    OTG_HS_IRQHandler                        0x080061f7   Thumb Code     0  startup_stm32f4xx.o(.text)
    OTG_HS_WKUP_IRQHandler                   0x080061f7   Thumb Code     0  startup_stm32f4xx.o(.text)
    PVD_IRQHandler                           0x080061f7   Thumb Code     0  startup_stm32f4xx.o(.text)
    RCC_IRQHandler                           0x080061f7   Thumb Code     0  startup_stm32f4xx.o(.text)
    RTC_Alarm_IRQHandler                     0x080061f7   Thumb Code     0  startup_stm32f4xx.o(.text)
    RTC_WKUP_IRQHandler                      0x080061f7   Thumb Code     0  startup_stm32f4xx.o(.text)
    SDIO_IRQHandler                          0x080061f7   Thumb Code     0  startup_stm32f4xx.o(.text)
    SPI1_IRQHandler                          0x080061f7   Thumb Code     0  startup_stm32f4xx.o(.text)
    SPI2_IRQHandler                          0x080061f7   Thumb Code     0  startup_stm32f4xx.o(.text)
    SPI3_IRQHandler                          0x080061f7   Thumb Code     0  startup_stm32f4xx.o(.text)
    TAMP_STAMP_IRQHandler                    0x080061f7   Thumb Code     0  startup_stm32f4xx.o(.text)
    TIM1_TRG_COM_TIM11_IRQHandler            0x080061f7   Thumb Code     0  startup_stm32f4xx.o(.text)
    TIM1_UP_TIM10_IRQHandler                 0x080061f7   Thumb Code     0  startup_stm32f4xx.o(.text)
    TIM8_BRK_TIM12_IRQHandler                0x080061f7   Thumb Code     0  startup_stm32f4xx.o(.text)
    TIM8_TRG_COM_TIM14_IRQHandler            0x080061f7   Thumb Code     0  startup_stm32f4xx.o(.text)
    TIM8_UP_TIM13_IRQHandler                 0x080061f7   Thumb Code     0  startup_stm32f4xx.o(.text)
    UART4_IRQHandler                         0x080061f7   Thumb Code     0  startup_stm32f4xx.o(.text)
    UART5_IRQHandler                         0x080061f7   Thumb Code     0  startup_stm32f4xx.o(.text)
    USART1_IRQHandler                        0x080061f7   Thumb Code     0  startup_stm32f4xx.o(.text)
    USART6_IRQHandler                        0x080061f7   Thumb Code     0  startup_stm32f4xx.o(.text)
    WWDG_IRQHandler                          0x080061f7   Thumb Code     0  startup_stm32f4xx.o(.text)
    SerialLink_Debug                         0x08006201   Thumb Code    40  serial_link.o(.text)
    SerialLink_DebugProcess                  0x08006229   Thumb Code    20  serial_link.o(.text)
    SerialLink_StreamProcess                 0x0800623d   Thumb Code   312  serial_link.o(.text)
    Initialize_SerialLink                    0x08006375   Thumb Code   148  serial_link.o(.text)
    __aeabi_memcpy                           0x08006425   Thumb Code    36  memcpya.o(.text)
    __aeabi_memcpy4                          0x08006425   Thumb Code     0  memcpya.o(.text)
    __aeabi_memcpy8                          0x08006425   Thumb Code     0  memcpya.o(.text)
    __aeabi_fadd                             0x08006449   Thumb Code   164  fadd.o(.text)
    __aeabi_fsub                             0x080064ed   Thumb Code     6  fadd.o(.text)
    __aeabi_frsub                            0x080064f3   Thumb Code     6  fadd.o(.text)
    __aeabi_fmul                             0x080064f9   Thumb Code   108  fmul.o(.text)
    __aeabi_fdiv                             0x08006565   Thumb Code   128  fdiv.o(.text)
    __aeabi_dadd                             0x080065e5   Thumb Code   322  dadd.o(.text)
    __aeabi_dsub                             0x08006727   Thumb Code     6  dadd.o(.text)
    __aeabi_drsub                            0x0800672d   Thumb Code     6  dadd.o(.text)
    __aeabi_dmul                             0x08006733   Thumb Code   228  dmul.o(.text)
    __aeabi_ddiv                             0x08006817   Thumb Code   222  ddiv.o(.text)
    __aeabi_i2f                              0x080068f5   Thumb Code    18  fflti.o(.text)
    __aeabi_ui2f                             0x08006907   Thumb Code    10  ffltui.o(.text)
    __aeabi_f2iz                             0x08006911   Thumb Code    50  ffixi.o(.text)
    __aeabi_f2uiz                            0x08006943   Thumb Code    40  ffixui.o(.text)
    __aeabi_f2d                              0x0800696b   Thumb Code    38  f2d.o(.text)
    __aeabi_cdcmpeq                          0x08006991   Thumb Code     0  cdcmple.o(.text)
    __aeabi_cdcmple                          0x08006991   Thumb Code    38  cdcmple.o(.text)
    __aeabi_d2f                              0x080069b9   Thumb Code    56  d2f.o(.text)
    __aeabi_cfcmpeq                          0x080069f1   Thumb Code     0  cfcmple.o(.text)
    __aeabi_cfcmple                          0x080069f1   Thumb Code    20  cfcmple.o(.text)
    __aeabi_cfrcmple                         0x08006a05   Thumb Code    20  cfrcmple.o(.text)
    __aeabi_uidiv                            0x08006a19   Thumb Code     0  uidiv.o(.text)
    __aeabi_uidivmod                         0x08006a19   Thumb Code    44  uidiv.o(.text)
    __aeabi_uldivmod                         0x08006a45   Thumb Code    98  uldiv.o(.text)
    __aeabi_llsl                             0x08006aa7   Thumb Code    30  llshl.o(.text)
    _ll_shift_l                              0x08006aa7   Thumb Code     0  llshl.o(.text)
    __aeabi_lasr                             0x08006ac5   Thumb Code    36  llsshr.o(.text)
    _ll_sshift_r                             0x08006ac5   Thumb Code     0  llsshr.o(.text)
    __I$use$fp                               0x08006ae9   Thumb Code     0  iusefp.o(.text)
    _float_round                             0x08006ae9   Thumb Code    18  fepilogue.o(.text)
    _float_epilogue                          0x08006afb   Thumb Code    90  fepilogue.o(.text)
    _fsqrt                                   0x08006b55   Thumb Code    94  fsqrt.o(.text)
    _double_round                            0x08006bb3   Thumb Code    26  depilogue.o(.text)
    _double_epilogue                         0x08006bcd   Thumb Code   164  depilogue.o(.text)
    __ARM_scalbn                             0x08006c71   Thumb Code    46  dscalb.o(.text)
    scalbn                                   0x08006c71   Thumb Code     0  dscalb.o(.text)
    _dsqrt                                   0x08006c9f   Thumb Code   162  dsqrt.o(.text)
    __aeabi_i2d                              0x08006d41   Thumb Code    34  dflti.o(.text)
    __aeabi_d2ulz                            0x08006d63   Thumb Code    48  dfixul.o(.text)
    __aeabi_cdrcmple                         0x08006d95   Thumb Code    38  cdrcmple.o(.text)
    __scatterload                            0x08006dbd   Thumb Code    28  init.o(.text)
    __scatterload_rt2                        0x08006dbd   Thumb Code     0  init.o(.text)
    __aeabi_llsr                             0x08006de1   Thumb Code    32  llushr.o(.text)
    _ll_ushift_r                             0x08006de1   Thumb Code     0  llushr.o(.text)
    __decompress                             0x08006e01   Thumb Code     0  __dczerorl2.o(.text)
    __decompress1                            0x08006e01   Thumb Code    92  __dczerorl2.o(.text)
    __0printf                                0x08006e5d   Thumb Code    22  printfa.o(i.__0printf)
    __1printf                                0x08006e5d   Thumb Code     0  printfa.o(i.__0printf)
    __2printf                                0x08006e5d   Thumb Code     0  printfa.o(i.__0printf)
    __c89printf                              0x08006e5d   Thumb Code     0  printfa.o(i.__0printf)
    printf                                   0x08006e5d   Thumb Code     0  printfa.o(i.__0printf)
    __ARM_fpclassify                         0x08006e7d   Thumb Code    40  fpclassify.o(i.__ARM_fpclassify)
    __kernel_poly                            0x08006ea5   Thumb Code   170  poly.o(i.__kernel_poly)
    __mathlib_dbl_underflow                  0x08006f51   Thumb Code    10  dunder.o(i.__mathlib_dbl_underflow)
    __scatterload_copy                       0x08006f61   Thumb Code    14  handlers.o(i.__scatterload_copy)
    __scatterload_null                       0x08006f6f   Thumb Code     2  handlers.o(i.__scatterload_null)
    __scatterload_zeroinit                   0x08006f71   Thumb Code    14  handlers.o(i.__scatterload_zeroinit)
    __set_errno                              0x08006f81   Thumb Code     6  errno.o(i.__set_errno)
    atan                                     0x08007831   Thumb Code   478  atan.o(i.atan)
    atan2                                    0x08007a55   Thumb Code   346  atan2.o(i.atan2)
    pow                                      0x08007bd5   Thumb Code  2510  pow.o(i.pow)
    sqrt                                     0x080085b5   Thumb Code    76  sqrt.o(i.sqrt)
    sqrtf                                    0x08008601   Thumb Code    44  sqrtf.o(i.sqrtf)
    __mathlib_zero                           0x08008750   Data           8  qnan.o(.constdata)
    Region$$Table$$Base                      0x08008758   Number         0  anon$$obj.o(Region$$Table)
    Region$$Table$$Limit                     0x08008778   Number         0  anon$$obj.o(Region$$Table)
    shutdown                                 0x20000000   Data           1  main.o(.data)
    IMUst                                    0x20000001   Data           1  main.o(.data)
    EEPROMst                                 0x20000002   Data           1  main.o(.data)
    Battery_Cell                             0x20000004   Data           2  voltage_fb.o(.data)
    CELL                                     0x20000006   Data           2  voltage_fb.o(.data)
    mask                                     0x20000008   Data           1  mpu6050.o(.data)
    newconfig                                0x20000009   Data           1  mpu6050.o(.data)
    Sona_Count                               0x20000010   Data           8  sona.o(.data)
    EnA_Speed                                0x20000018   Data           4  encoder.o(.data)
    EnB_Speed                                0x2000001c   Data           4  encoder.o(.data)
    EnA_Distance                             0x20000020   Data           4  encoder.o(.data)
    EnB_Distance                             0x20000024   Data           4  encoder.o(.data)
    EnA_cnt_Old                              0x20000028   Data           4  encoder.o(.data)
    EnB_cnt_Old                              0x2000002c   Data           4  encoder.o(.data)
    EnA_cnt_New                              0x20000030   Data           4  encoder.o(.data)
    EnB_cnt_New                              0x20000034   Data           4  encoder.o(.data)
    TickCnt                                  0x20000038   Data           8  systick.o(.data)
    cnt                                      0x20000040   Data           8  systick.o(.data)
    capture                                  0x20000048   Data           4  timing_manage.o(.data)
    ms_Tick                                  0x2000004c   Data           4  timing_manage.o(.data)
    RGB_MATRIX                               0x20000050   Data          63  dev_digital.o(.data)
    RGB_LOOP                                 0x2000008f   Data           1  dev_digital.o(.data)
    RED                                      0x20000090   Data           1  dev_digital.o(.data)
    BLUE                                     0x20000091   Data           1  dev_digital.o(.data)
    GREEN                                    0x20000092   Data           1  dev_digital.o(.data)
    RGB_Inicate                              0x20000093   Data           1  dev_digital.o(.data)
    RGB_check                                0x20000094   Data           1  dev_digital.o(.data)
    i2c_debug_Count                          0x20000098   Data           4  dev_i2c.o(.data)
    test                                     0x2000009c   Data           3  dev_usart.o(.data)
    Capture_1                                0x200000a0   Data           2  dev_timer.o(.data)
    Capture_2                                0x200000a2   Data           2  dev_timer.o(.data)
    Capture_3                                0x200000a4   Data           2  dev_timer.o(.data)
    Capture_4                                0x200000a6   Data           2  dev_timer.o(.data)
    Capture_5                                0x200000a8   Data           2  dev_timer.o(.data)
    Capture_6                                0x200000aa   Data           2  dev_timer.o(.data)
    Capture_7                                0x200000ac   Data           2  dev_timer.o(.data)
    Capture_8                                0x200000ae   Data           2  dev_timer.o(.data)
    Capture_9                                0x200000b0   Data           2  dev_timer.o(.data)
    SystemCoreClock                          0x200000c4   Data           4  system_stm32f4xx.o(.data)
    AHBPrescTable                            0x200000c8   Data          16  system_stm32f4xx.o(.data)
    Serial_Link_DATA                         0x200000d8   Data          43  serial_link.o(.data)
    Serial_Link_Debug                        0x20000103   Data          43  serial_link.o(.data)
    DebugString                              0x20000130   Data           4  serial_link.o(.data)
    __stdout                                 0x20000134   Data           4  stdout.o(.data)
    ADC_Volt                                 0x2000013c   Data          20  voltage_fb.o(.bss)
    HMC5883L_RegDebug                        0x20000150   Data          13  hmc5883l.o(.bss)
    Acce_Angle                               0x20000160   Data          12  imu.o(.bss)
    MPU6050_RegDebug                         0x2000016c   Data         117  mpu6050.o(.bss)
    Sona_A                                   0x200001e4   Data          12  sona.o(.bss)
    Sona_B                                   0x200001f0   Data          12  sona.o(.bss)
    LCD_Clock                                0x200001fc   Data          10  timing_manage.o(.bss)
    Button_A                                 0x20000208   Data          24  dev_digital.o(.bss)
    Button_C                                 0x20000220   Data          24  dev_digital.o(.bss)
    Button_D                                 0x20000238   Data          24  dev_digital.o(.bss)
    Button_B                                 0x20000250   Data          24  dev_digital.o(.bss)
    Button_OK                                0x20000268   Data          24  dev_digital.o(.bss)
    IMU                                      0x20000280   Data         160  dev_i2c.o(.bss)
    EEPROM                                   0x20000320   Data         160  dev_i2c.o(.bss)
    DMA_I2C_InitStructure                    0x200003c0   Data          60  dev_i2c.o(.bss)
    USART_2                                  0x200003fc   Data          72  dev_usart.o(.bss)
    USART_3                                  0x20000444   Data          72  dev_usart.o(.bss)
    DMA_USART_InitStructure                  0x2000048c   Data          60  dev_usart.o(.bss)
    DATA_OUT                                 0x200004c8   Data          36  serial_link.o(.bss)
    __initial_sp                             0x200008f0   Data           0  startup_stm32f4xx.o(STACK)



==============================================================================

Memory Map of the image

  Image Entry point : 0x08000189

  Load Region LR_IROM1 (Base: 0x08000000, Size: 0x000088b4, Max: 0x00080000, ABSOLUTE, COMPRESSED[0x000087b8])

    Execution Region ER_IROM1 (Base: 0x08000000, Size: 0x00008778, Max: 0x00080000, ABSOLUTE)

    Base Addr    Size         Type   Attr      Idx    E Section Name        Object

    0x08000000   0x00000188   Data   RO          987    RESET               startup_stm32f4xx.o
    0x08000188   0x00000000   Code   RO         1063  * .ARM.Collect$$$$00000000  mc_w.l(entry.o)
    0x08000188   0x00000004   Code   RO         1370    .ARM.Collect$$$$00000001  mc_w.l(entry2.o)
    0x0800018c   0x00000004   Code   RO         1373    .ARM.Collect$$$$00000004  mc_w.l(entry5.o)
    0x08000190   0x00000000   Code   RO         1375    .ARM.Collect$$$$00000008  mc_w.l(entry7b.o)
    0x08000190   0x00000000   Code   RO         1377    .ARM.Collect$$$$0000000A  mc_w.l(entry8b.o)
    0x08000190   0x00000008   Code   RO         1378    .ARM.Collect$$$$0000000B  mc_w.l(entry9a.o)
    0x08000198   0x00000000   Code   RO         1380    .ARM.Collect$$$$0000000D  mc_w.l(entry10a.o)
    0x08000198   0x00000000   Code   RO         1382    .ARM.Collect$$$$0000000F  mc_w.l(entry11a.o)
    0x08000198   0x00000004   Code   RO         1371    .ARM.Collect$$$$00002712  mc_w.l(entry2.o)
    0x0800019c   0x000000d8   Code   RO            3    .text               main.o
    0x08000274   0x00000290   Code   RO          249    .text               voltage_fb.o
    0x08000504   0x00000358   Code   RO          277    .text               hmc5883l.o
    0x0800085c   0x00000460   Code   RO          308    .text               imu.o
    0x08000cbc   0x00000504   Code   RO          351    .text               mpu6050.o
    0x080011c0   0x000002e4   Code   RO          382    .text               sona.o
    0x080014a4   0x00000234   Code   RO          432    .text               eeprom.o
    0x080016d8   0x000001c8   Code   RO          455    .text               encoder.o
    0x080018a0   0x000000d8   Code   RO          478    .text               motor.o
    0x08001978   0x0000008c   Code   RO          501    .text               servo.o
    0x08001a04   0x0000009c   Code   RO          548    .text               systick.o
    0x08001aa0   0x00000150   Code   RO          578    .text               timing_manage.o
    0x08001bf0   0x00000734   Code   RO          608    .text               dev_digital.o
    0x08002324   0x000003c0   Code   RO          642    .text               dev_lcd.o
    0x080026e4   0x000007b8   Code   RO          665    .text               dev_i2c.o
    0x08002e9c   0x000005f0   Code   RO          703    .text               dev_usart.o
    0x0800348c   0x000003e4   Code   RO          733    .text               dev_timer.o
    0x08003870   0x000000e4   Code   RO          756    .text               misc.o
    0x08003954   0x00000470   Code   RO          779    .text               stm32f4xx_adc.o
    0x08003dc4   0x000003a4   Code   RO          799    .text               stm32f4xx_dma.o
    0x08004168   0x0000011c   Code   RO          819    .text               stm32f4xx_exti.o
    0x08004284   0x0000025c   Code   RO          839    .text               stm32f4xx_gpio.o
    0x080044e0   0x00000428   Code   RO          859    .text               stm32f4xx_i2c.o
    0x08004908   0x00000588   Code   RO          879    .text               stm32f4xx_rcc.o
    0x08004e90   0x00000ca2   Code   RO          901    .text               stm32f4xx_tim.o
    0x08005b32   0x00000002   PAD
    0x08005b34   0x0000041a   Code   RO          921    .text               stm32f4xx_usart.o
    0x08005f4e   0x00000002   PAD
    0x08005f50   0x00000200   Code   RO          941    .text               system_stm32f4xx.o
    0x08006150   0x0000008c   Code   RO          967    .text               stm32f4xx_syscfg.o
    0x080061dc   0x00000024   Code   RO          988    .text               startup_stm32f4xx.o
    0x08006200   0x00000224   Code   RO          994    .text               serial_link.o
    0x08006424   0x00000024   Code   RO         1066    .text               mc_w.l(memcpya.o)
    0x08006448   0x000000b0   Code   RO         1331    .text               mf_w.l(fadd.o)
    0x080064f8   0x0000006c   Code   RO         1333    .text               mf_w.l(fmul.o)
    0x08006564   0x00000080   Code   RO         1335    .text               mf_w.l(fdiv.o)
    0x080065e4   0x0000014e   Code   RO         1337    .text               mf_w.l(dadd.o)
    0x08006732   0x000000e4   Code   RO         1339    .text               mf_w.l(dmul.o)
    0x08006816   0x000000de   Code   RO         1341    .text               mf_w.l(ddiv.o)
    0x080068f4   0x00000012   Code   RO         1343    .text               mf_w.l(fflti.o)
    0x08006906   0x0000000a   Code   RO         1345    .text               mf_w.l(ffltui.o)
    0x08006910   0x00000032   Code   RO         1349    .text               mf_w.l(ffixi.o)
    0x08006942   0x00000028   Code   RO         1351    .text               mf_w.l(ffixui.o)
    0x0800696a   0x00000026   Code   RO         1353    .text               mf_w.l(f2d.o)
    0x08006990   0x00000028   Code   RO         1355    .text               mf_w.l(cdcmple.o)
    0x080069b8   0x00000038   Code   RO         1357    .text               mf_w.l(d2f.o)
    0x080069f0   0x00000014   Code   RO         1359    .text               mf_w.l(cfcmple.o)
    0x08006a04   0x00000014   Code   RO         1361    .text               mf_w.l(cfrcmple.o)
    0x08006a18   0x0000002c   Code   RO         1385    .text               mc_w.l(uidiv.o)
    0x08006a44   0x00000062   Code   RO         1387    .text               mc_w.l(uldiv.o)
    0x08006aa6   0x0000001e   Code   RO         1389    .text               mc_w.l(llshl.o)
    0x08006ac4   0x00000024   Code   RO         1391    .text               mc_w.l(llsshr.o)
    0x08006ae8   0x00000000   Code   RO         1400    .text               mc_w.l(iusefp.o)
    0x08006ae8   0x0000006c   Code   RO         1401    .text               mf_w.l(fepilogue.o)
    0x08006b54   0x0000005e   Code   RO         1403    .text               mf_w.l(fsqrt.o)
    0x08006bb2   0x000000be   Code   RO         1405    .text               mf_w.l(depilogue.o)
    0x08006c70   0x0000002e   Code   RO         1407    .text               mf_w.l(dscalb.o)
    0x08006c9e   0x000000a2   Code   RO         1409    .text               mf_w.l(dsqrt.o)
    0x08006d40   0x00000022   Code   RO         1411    .text               mf_w.l(dflti.o)
    0x08006d62   0x00000030   Code   RO         1413    .text               mf_w.l(dfixul.o)
    0x08006d92   0x00000002   PAD
    0x08006d94   0x00000028   Code   RO         1415    .text               mf_w.l(cdrcmple.o)
    0x08006dbc   0x00000024   Code   RO         1417    .text               mc_w.l(init.o)
    0x08006de0   0x00000020   Code   RO         1419    .text               mc_w.l(llushr.o)
    0x08006e00   0x0000005c   Code   RO         1429    .text               mc_w.l(__dczerorl2.o)
    0x08006e5c   0x00000020   Code   RO         1303    i.__0printf         mc_w.l(printfa.o)
    0x08006e7c   0x00000028   Code   RO         1365    i.__ARM_fpclassify  m_ws.l(fpclassify.o)
    0x08006ea4   0x000000aa   Code   RO         1367    i.__kernel_poly     m_ws.l(poly.o)
    0x08006f4e   0x00000002   PAD
    0x08006f50   0x00000010   Code   RO         1363    i.__mathlib_dbl_underflow  m_ws.l(dunder.o)
    0x08006f60   0x0000000e   Code   RO         1423    i.__scatterload_copy  mc_w.l(handlers.o)
    0x08006f6e   0x00000002   Code   RO         1424    i.__scatterload_null  mc_w.l(handlers.o)
    0x08006f70   0x0000000e   Code   RO         1425    i.__scatterload_zeroinit  mc_w.l(handlers.o)
    0x08006f7e   0x00000002   PAD
    0x08006f80   0x0000000c   Code   RO         1395    i.__set_errno       mc_w.l(errno.o)
    0x08006f8c   0x0000015c   Code   RO         1310    i._fp_digits        mc_w.l(printfa.o)
    0x080070e8   0x000006f0   Code   RO         1311    i._printf_core      mc_w.l(printfa.o)
    0x080077d8   0x00000026   Code   RO         1312    i._printf_post_padding  mc_w.l(printfa.o)
    0x080077fe   0x00000030   Code   RO         1313    i._printf_pre_padding  mc_w.l(printfa.o)
    0x0800782e   0x00000002   PAD
    0x08007830   0x00000224   Code   RO         1020    i.atan              m_ws.l(atan.o)
    0x08007a54   0x00000180   Code   RO         1030    i.atan2             m_ws.l(atan2.o)
    0x08007bd4   0x000009e0   Code   RO         1038    i.pow               m_ws.l(pow.o)
    0x080085b4   0x0000004c   Code   RO         1048    i.sqrt              m_ws.l(sqrt.o)
    0x08008600   0x0000002c   Code   RO         1056    i.sqrtf             m_ws.l(sqrtf.o)
    0x0800862c   0x00000004   PAD
    0x08008630   0x00000098   Data   RO         1021    .constdata          m_ws.l(atan.o)
    0x080086c8   0x00000088   Data   RO         1039    .constdata          m_ws.l(pow.o)
    0x08008750   0x00000008   Data   RO         1369    .constdata          m_ws.l(qnan.o)
    0x08008758   0x00000020   Data   RO         1421    Region$$Table       anon$$obj.o


    Execution Region RW_IRAM1 (Base: 0x20000000, Size: 0x000008f0, Max: 0x00020000, ABSOLUTE, COMPRESSED[0x00000040])

    Base Addr    Size         Type   Attr      Idx    E Section Name        Object

    0x20000000   0x00000003   Data   RW            4    .data               main.o
    0x20000003   0x00000001   PAD
    0x20000004   0x00000004   Data   RW          251    .data               voltage_fb.o
    0x20000008   0x00000002   Data   RW          353    .data               mpu6050.o
    0x2000000a   0x00000006   PAD
    0x20000010   0x00000008   Data   RW          384    .data               sona.o
    0x20000018   0x00000020   Data   RW          456    .data               encoder.o
    0x20000038   0x00000010   Data   RW          549    .data               systick.o
    0x20000048   0x00000008   Data   RW          580    .data               timing_manage.o
    0x20000050   0x00000045   Data   RW          610    .data               dev_digital.o
    0x20000095   0x00000003   PAD
    0x20000098   0x00000004   Data   RW          667    .data               dev_i2c.o
    0x2000009c   0x00000003   Data   RW          705    .data               dev_usart.o
    0x2000009f   0x00000001   PAD
    0x200000a0   0x00000012   Data   RW          734    .data               dev_timer.o
    0x200000b2   0x00000010   Data   RW          880    .data               stm32f4xx_rcc.o
    0x200000c2   0x00000002   PAD
    0x200000c4   0x00000014   Data   RW          942    .data               system_stm32f4xx.o
    0x200000d8   0x0000005c   Data   RW          996    .data               serial_link.o
    0x20000134   0x00000004   Data   RW         1384    .data               mc_w.l(stdout.o)
    0x20000138   0x00000004   Data   RW         1396    .data               mc_w.l(errno.o)
    0x2000013c   0x00000014   Zero   RW          250    .bss                voltage_fb.o
    0x20000150   0x0000000d   Zero   RW          278    .bss                hmc5883l.o
    0x2000015d   0x00000003   PAD
    0x20000160   0x0000000c   Zero   RW          309    .bss                imu.o
    0x2000016c   0x00000075   Zero   RW          352    .bss                mpu6050.o
    0x200001e1   0x00000003   PAD
    0x200001e4   0x00000018   Zero   RW          383    .bss                sona.o
    0x200001fc   0x0000000a   Zero   RW          579    .bss                timing_manage.o
    0x20000206   0x00000002   PAD
    0x20000208   0x00000078   Zero   RW          609    .bss                dev_digital.o
    0x20000280   0x0000017c   Zero   RW          666    .bss                dev_i2c.o
    0x200003fc   0x000000cc   Zero   RW          704    .bss                dev_usart.o
    0x200004c8   0x00000024   Zero   RW          995    .bss                serial_link.o
    0x200004ec   0x00000004   PAD
    0x200004f0   0x00000400   Zero   RW          985    STACK               startup_stm32f4xx.o


==============================================================================

Image component sizes


      Code (inc. data)   RO Data    RW Data    ZI Data      Debug   Object Name

      1844        170          0         69        120       4816   dev_digital.o
      1976         68          0          4        380       6805   dev_i2c.o
       960         10          0          0          0       4560   dev_lcd.o
       996         60          0         18          0       3718   dev_timer.o
      1520        104          0          3        204       4534   dev_usart.o
       564         36          0          0          0       3189   eeprom.o
       456         58          0         32          0       1641   encoder.o
       856         12          0          0         13       7012   hmc5883l.o
      1120         68          0          0         12       9578   imu.o
       216         74          0          3          0     319834   main.o
       228         22          0          0          0       1625   misc.o
       216          8          0          0          0       1349   motor.o
      1284         48          0          2        117       8887   mpu6050.o
       548         28          0         92         36       2672   serial_link.o
       140          8          0          0          0        807   servo.o
       740         34          0          8         24       2863   sona.o
        36          8        392          0       1024        716   startup_stm32f4xx.o
      1136         28          0          0          0      10094   stm32f4xx_adc.o
       932         32          0          0          0       6053   stm32f4xx_dma.o
       284         10          0          0          0       2055   stm32f4xx_exti.o
       604         36          0          0          0       3725   stm32f4xx_gpio.o
      1064         26          0          0          0       7787   stm32f4xx_i2c.o
      1416         48          0         16          0      10619   stm32f4xx_rcc.o
       140         12          0          0          0       1439   stm32f4xx_syscfg.o
      3234         60          0          0          0      21956   stm32f4xx_tim.o
      1050         26          0          0          0       7428   stm32f4xx_usart.o
       512         46          0         20          0       1595   system_stm32f4xx.o
       156         18          0         16          0      27842   systick.o
       336         18          0          8         10       2764   timing_manage.o
       656         54          0          4         20       2104   voltage_fb.o

    ----------------------------------------------------------------------
     25224       1230        424        308       1972     490067   Object Totals
         0          0         32          0          0          0   (incl. Generated)
         4          0          0         13         12          0   (incl. Padding)

    ----------------------------------------------------------------------

      Code (inc. data)   RO Data    RW Data    ZI Data      Debug   Library Member Name

       548         70        152          0          0        124   atan.o
       384         38          0          0          0        144   atan2.o
        16          6          0          0          0         68   dunder.o
        40          0          0          0          0         68   fpclassify.o
       170          0          0          0          0         96   poly.o
      2528        190        136          0          0        332   pow.o
         0          0          8          0          0          0   qnan.o
        76          0          0          0          0         84   sqrt.o
        44          0          0          0          0         80   sqrtf.o
        92          0          0          0          0          0   __dczerorl2.o
         0          0          0          0          0          0   entry.o
         0          0          0          0          0          0   entry10a.o
         0          0          0          0          0          0   entry11a.o
         8          4          0          0          0          0   entry2.o
         4          0          0          0          0          0   entry5.o
         0          0          0          0          0          0   entry7b.o
         0          0          0          0          0          0   entry8b.o
         8          4          0          0          0          0   entry9a.o
        12          6          0          4          0         68   errno.o
        30          0          0          0          0          0   handlers.o
        36          8          0          0          0         68   init.o
         0          0          0          0          0          0   iusefp.o
        30          0          0          0          0         68   llshl.o
        36          0          0          0          0         68   llsshr.o
        32          0          0          0          0         68   llushr.o
        36          0          0          0          0         68   memcpya.o
      2242         90          0          0          0        444   printfa.o
         0          0          0          4          0          0   stdout.o
        44          0          0          0          0         80   uidiv.o
        98          0          0          0          0         92   uldiv.o
        40          2          0          0          0         68   cdcmple.o
        40          2          0          0          0         68   cdrcmple.o
        20          0          0          0          0         68   cfcmple.o
        20          0          0          0          0         68   cfrcmple.o
        56          0          0          0          0         88   d2f.o
       334          0          0          0          0        148   dadd.o
       222          0          0          0          0        100   ddiv.o
       190          0          0          0          0        176   depilogue.o
        48          0          0          0          0         68   dfixul.o
        34          0          0          0          0         76   dflti.o
       228          0          0          0          0         96   dmul.o
        46          0          0          0          0         80   dscalb.o
       162          0          0          0          0        100   dsqrt.o
        38          0          0          0          0         68   f2d.o
       176          0          0          0          0        140   fadd.o
       128          0          0          0          0         88   fdiv.o
       108          0          0          0          0        168   fepilogue.o
        50          0          0          0          0         68   ffixi.o
        40          0          0          0          0         68   ffixui.o
        18          0          0          0          0         68   fflti.o
        10          0          0          0          0         68   ffltui.o
       108          0          0          0          0         76   fmul.o
        94          0          0          0          0         96   fsqrt.o

    ----------------------------------------------------------------------
      8736        420        296          8          0       4132   Library Totals
        12          0          0          0          0          0   (incl. Padding)

    ----------------------------------------------------------------------

      Code (inc. data)   RO Data    RW Data    ZI Data      Debug   Library Name

      3806        304        296          0          0        996   m_ws.l
      2708        112          0          8          0       1024   mc_w.l
      2210          4          0          0          0       2112   mf_w.l

    ----------------------------------------------------------------------
      8736        420        296          8          0       4132   Library Totals

    ----------------------------------------------------------------------

==============================================================================


      Code (inc. data)   RO Data    RW Data    ZI Data      Debug   

     33960       1650        720        316       1972     489519   Grand Totals
     33960       1650        720         64       1972     489519   ELF Image Totals (compressed)
     33960       1650        720         64          0          0   ROM Totals

==============================================================================

    Total RO  Size (Code + RO Data)                34680 (  33.87kB)
    Total RW  Size (RW Data + ZI Data)              2288 (   2.23kB)
    Total ROM Size (Code + RO Data + RW Data)      34744 (  33.93kB)

==============================================================================

